Archive member included to satisfy reference by file (symbol)

c:/nxp/s32ds_power_v2.1/s32ds/build_tools/powerpc-eabivle-4_9/bin/../lib/gcc/powerpc-eabivle/4.9.4/e200z7/fp\libgcc.a(eabivle.o)
                              ./src/main_Z7_2.o (__eabi)
C:/NXP/S32DS_Power_v2.1/S32DS/build_tools/powerpc-eabivle-4_9/powerpc-eabivle/newlib/lib/e200z7/fp\libc.a(lib_a-memset.o)
                              ./src/main_Z7_2.o (memset)

Allocating common symbols
Common symbol       size              file

str                 0xa               ./src/main_Z7_2.o
str0                0x28              ./src/main_Z7_2.o

Discarded input sections

 .text          0x00000000        0x0 c:/nxp/s32ds_power_v2.1/s32ds/build_tools/powerpc-eabivle-4_9/bin/../lib/gcc/powerpc-eabivle/4.9.4/e200z7/fp/ecrti.o
 .data          0x00000000        0x0 c:/nxp/s32ds_power_v2.1/s32ds/build_tools/powerpc-eabivle-4_9/bin/../lib/gcc/powerpc-eabivle/4.9.4/e200z7/fp/ecrti.o
 .bss           0x00000000        0x0 c:/nxp/s32ds_power_v2.1/s32ds/build_tools/powerpc-eabivle-4_9/bin/../lib/gcc/powerpc-eabivle/4.9.4/e200z7/fp/ecrti.o
 .fixup         0x00000000        0x0 c:/nxp/s32ds_power_v2.1/s32ds/build_tools/powerpc-eabivle-4_9/bin/../lib/gcc/powerpc-eabivle/4.9.4/e200z7/fp/ecrti.o
 .sbss          0x00000000        0x0 c:/nxp/s32ds_power_v2.1/s32ds/build_tools/powerpc-eabivle-4_9/bin/../lib/gcc/powerpc-eabivle/4.9.4/e200z7/fp/ecrti.o
 .sbss2         0x00000000        0x0 c:/nxp/s32ds_power_v2.1/s32ds/build_tools/powerpc-eabivle-4_9/bin/../lib/gcc/powerpc-eabivle/4.9.4/e200z7/fp/ecrti.o
 .gcc_except_table
                0x00000000        0x0 c:/nxp/s32ds_power_v2.1/s32ds/build_tools/powerpc-eabivle-4_9/bin/../lib/gcc/powerpc-eabivle/4.9.4/e200z7/fp/ecrti.o
 .data          0x00000000        0x4 c:/nxp/s32ds_power_v2.1/s32ds/build_tools/powerpc-eabivle-4_9/bin/../lib/gcc/powerpc-eabivle/4.9.4/e200z7/fp/crtbegin.o
 .text          0x00000000        0x0 ./Project_Settings/Startup_Code/startup.o
 .data          0x00000000        0x0 ./Project_Settings/Startup_Code/startup.o
 .bss           0x00000000        0x0 ./Project_Settings/Startup_Code/startup.o
 .group         0x00000000        0x8 ./source/BSDModule.o
 .text          0x00000000        0x0 ./source/BSDModule.o
 .data          0x00000000        0x0 ./source/BSDModule.o
 .bss           0x00000000        0x0 ./source/BSDModule.o
 .text.BSDModuleCalculation
                0x00000000       0x16 ./source/BSDModule.o
 .group         0x00000000        0x8 ./source/BSDModulePort.o
 .text          0x00000000        0x0 ./source/BSDModulePort.o
 .data          0x00000000        0x0 ./source/BSDModulePort.o
 .bss           0x00000000        0x0 ./source/BSDModulePort.o
 .debug_info    0x00000000       0x21 ./source/BSDModulePort.o
 .debug_abbrev  0x00000000       0x13 ./source/BSDModulePort.o
 .debug_aranges
                0x00000000       0x18 ./source/BSDModulePort.o
 .debug_macro   0x00000000       0x11 ./source/BSDModulePort.o
 .debug_macro   0x00000000      0x60a ./source/BSDModulePort.o
 .debug_line    0x00000000       0x3a ./source/BSDModulePort.o
 .debug_str     0x00000000     0x1e22 ./source/BSDModulePort.o
 .comment       0x00000000       0x83 ./source/BSDModulePort.o
 .group         0x00000000        0x8 ./source/SinSearchTable.o
 .text          0x00000000        0x0 ./source/SinSearchTable.o
 .data          0x00000000        0x0 ./source/SinSearchTable.o
 .bss           0x00000000        0x0 ./source/SinSearchTable.o
 .debug_info    0x00000000       0x21 ./source/SinSearchTable.o
 .debug_abbrev  0x00000000       0x13 ./source/SinSearchTable.o
 .debug_aranges
                0x00000000       0x18 ./source/SinSearchTable.o
 .debug_macro   0x00000000       0x11 ./source/SinSearchTable.o
 .debug_macro   0x00000000      0x60a ./source/SinSearchTable.o
 .debug_line    0x00000000       0x3b ./source/SinSearchTable.o
 .debug_str     0x00000000     0x1e23 ./source/SinSearchTable.o
 .comment       0x00000000       0x83 ./source/SinSearchTable.o
 .group         0x00000000        0x8 ./source/TargetSelect.o
 .text          0x00000000        0x0 ./source/TargetSelect.o
 .data          0x00000000        0x0 ./source/TargetSelect.o
 .bss           0x00000000        0x0 ./source/TargetSelect.o
 .debug_info    0x00000000       0x21 ./source/TargetSelect.o
 .debug_abbrev  0x00000000       0x13 ./source/TargetSelect.o
 .debug_aranges
                0x00000000       0x18 ./source/TargetSelect.o
 .debug_macro   0x00000000       0x11 ./source/TargetSelect.o
 .debug_macro   0x00000000      0x60a ./source/TargetSelect.o
 .debug_line    0x00000000       0x39 ./source/TargetSelect.o
 .debug_str     0x00000000     0x1e21 ./source/TargetSelect.o
 .comment       0x00000000       0x83 ./source/TargetSelect.o
 .group         0x00000000        0x8 ./source/Trajectory.o
 .text          0x00000000        0x0 ./source/Trajectory.o
 .data          0x00000000        0x0 ./source/Trajectory.o
 .bss           0x00000000        0x0 ./source/Trajectory.o
 .debug_info    0x00000000       0x21 ./source/Trajectory.o
 .debug_abbrev  0x00000000       0x13 ./source/Trajectory.o
 .debug_aranges
                0x00000000       0x18 ./source/Trajectory.o
 .debug_macro   0x00000000       0x11 ./source/Trajectory.o
 .debug_macro   0x00000000      0x60a ./source/Trajectory.o
 .debug_line    0x00000000       0x37 ./source/Trajectory.o
 .debug_str     0x00000000     0x1e1f ./source/Trajectory.o
 .comment       0x00000000       0x83 ./source/Trajectory.o
 .group         0x00000000        0x8 ./source/WarningAlg.o
 .text          0x00000000        0x0 ./source/WarningAlg.o
 .data          0x00000000        0x0 ./source/WarningAlg.o
 .bss           0x00000000        0x0 ./source/WarningAlg.o
 .debug_info    0x00000000       0x21 ./source/WarningAlg.o
 .debug_abbrev  0x00000000       0x13 ./source/WarningAlg.o
 .debug_aranges
                0x00000000       0x18 ./source/WarningAlg.o
 .debug_macro   0x00000000       0x11 ./source/WarningAlg.o
 .debug_macro   0x00000000      0x60a ./source/WarningAlg.o
 .debug_line    0x00000000       0x37 ./source/WarningAlg.o
 .debug_str     0x00000000     0x1e1f ./source/WarningAlg.o
 .comment       0x00000000       0x83 ./source/WarningAlg.o
 .group         0x00000000        0x8 ./src/S32R274__Interrupt_Init.o
 .group         0x00000000        0x8 ./src/S32R274__Interrupt_Init.o
 .group         0x00000000        0x8 ./src/S32R274__Interrupt_Init.o
 .group         0x00000000        0x8 ./src/S32R274__Interrupt_Init.o
 .group         0x00000000        0x8 ./src/S32R274__Interrupt_Init.o
 .group         0x00000000        0x8 ./src/S32R274__Interrupt_Init.o
 .group         0x00000000        0x8 ./src/S32R274__Interrupt_Init.o
 .text          0x00000000        0x0 ./src/S32R274__Interrupt_Init.o
 .data          0x00000000        0x0 ./src/S32R274__Interrupt_Init.o
 .bss           0x00000000        0x0 ./src/S32R274__Interrupt_Init.o
 .debug_macro   0x00000000      0x60a ./src/S32R274__Interrupt_Init.o
 .group         0x00000000        0x8 ./src/Vector.o
 .group         0x00000000        0x8 ./src/Vector.o
 .text          0x00000000        0x0 ./src/Vector.o
 .data          0x00000000        0x0 ./src/Vector.o
 .bss           0x00000000        0x0 ./src/Vector.o
 .debug_macro   0x00000000      0x60a ./src/Vector.o
 .debug_macro   0x00000000       0x2e ./src/Vector.o
 .group         0x00000000        0x8 ./src/intc_SW_mode_isr_vectors_S32R274.o
 .group         0x00000000        0x8 ./src/intc_SW_mode_isr_vectors_S32R274.o
 .group         0x00000000        0x8 ./src/intc_SW_mode_isr_vectors_S32R274.o
 .group         0x00000000        0x8 ./src/intc_SW_mode_isr_vectors_S32R274.o
 .group         0x00000000        0x8 ./src/intc_SW_mode_isr_vectors_S32R274.o
 .text          0x00000000        0x0 ./src/intc_SW_mode_isr_vectors_S32R274.o
 .data          0x00000000        0x0 ./src/intc_SW_mode_isr_vectors_S32R274.o
 .bss           0x00000000        0x0 ./src/intc_SW_mode_isr_vectors_S32R274.o
 .debug_macro   0x00000000      0x60a ./src/intc_SW_mode_isr_vectors_S32R274.o
 .debug_macro   0x00000000       0x22 ./src/intc_SW_mode_isr_vectors_S32R274.o
 .debug_macro   0x00000000       0x44 ./src/intc_SW_mode_isr_vectors_S32R274.o
 .debug_macro   0x00000000       0x1c ./src/intc_SW_mode_isr_vectors_S32R274.o
 .debug_macro   0x00000000      0x1f7 ./src/intc_SW_mode_isr_vectors_S32R274.o
 .data          0x00000000        0x0 ./src/intc_sw_handlers.o
 .bss           0x00000000        0x0 ./src/intc_sw_handlers.o
 .group         0x00000000        0x8 ./src/main_Z7_2.o
 .group         0x00000000        0x8 ./src/main_Z7_2.o
 .group         0x00000000        0x8 ./src/main_Z7_2.o
 .group         0x00000000        0x8 ./src/main_Z7_2.o
 .group         0x00000000        0x8 ./src/main_Z7_2.o
 .group         0x00000000        0x8 ./src/main_Z7_2.o
 .group         0x00000000        0x8 ./src/main_Z7_2.o
 .group         0x00000000        0x8 ./src/main_Z7_2.o
 .group         0x00000000        0x8 ./src/main_Z7_2.o
 .group         0x00000000        0x8 ./src/main_Z7_2.o
 .group         0x00000000        0x8 ./src/main_Z7_2.o
 .group         0x00000000        0x8 ./src/main_Z7_2.o
 .group         0x00000000        0x8 ./src/main_Z7_2.o
 .group         0x00000000        0x8 ./src/main_Z7_2.o
 .group         0x00000000        0x8 ./src/main_Z7_2.o
 .group         0x00000000        0x8 ./src/main_Z7_2.o
 .group         0x00000000        0x8 ./src/main_Z7_2.o
 .text          0x00000000        0x0 ./src/main_Z7_2.o
 .data          0x00000000        0x0 ./src/main_Z7_2.o
 .bss           0x00000000        0x0 ./src/main_Z7_2.o
 .debug_macro   0x00000000      0x60a ./src/main_Z7_2.o
 .debug_macro   0x00000000       0x22 ./src/main_Z7_2.o
 .debug_macro   0x00000000       0x44 ./src/main_Z7_2.o
 .debug_macro   0x00000000       0x1c ./src/main_Z7_2.o
 .debug_macro   0x00000000      0x1f7 ./src/main_Z7_2.o
 .debug_macro   0x00000000     0xd904 ./src/main_Z7_2.o
 .bss           0x00000000        0x0 c:/nxp/s32ds_power_v2.1/s32ds/build_tools/powerpc-eabivle-4_9/bin/../lib/gcc/powerpc-eabivle/4.9.4/e200z7/fp\libgcc.a(eabivle.o)
 .text          0x00000000        0x0 C:/NXP/S32DS_Power_v2.1/S32DS/build_tools/powerpc-eabivle-4_9/powerpc-eabivle/newlib/lib/e200z7/fp\libc.a(lib_a-memset.o)
 .data          0x00000000        0x0 C:/NXP/S32DS_Power_v2.1/S32DS/build_tools/powerpc-eabivle-4_9/powerpc-eabivle/newlib/lib/e200z7/fp\libc.a(lib_a-memset.o)
 .bss           0x00000000        0x0 C:/NXP/S32DS_Power_v2.1/S32DS/build_tools/powerpc-eabivle-4_9/powerpc-eabivle/newlib/lib/e200z7/fp\libc.a(lib_a-memset.o)
 .data          0x00000000        0x0 c:/nxp/s32ds_power_v2.1/s32ds/build_tools/powerpc-eabivle-4_9/bin/../lib/gcc/powerpc-eabivle/4.9.4/e200z7/fp/crtend.o
 .bss           0x00000000        0x0 c:/nxp/s32ds_power_v2.1/s32ds/build_tools/powerpc-eabivle-4_9/bin/../lib/gcc/powerpc-eabivle/4.9.4/e200z7/fp/crtend.o
 .jcr           0x00000000        0x4 c:/nxp/s32ds_power_v2.1/s32ds/build_tools/powerpc-eabivle-4_9/bin/../lib/gcc/powerpc-eabivle/4.9.4/e200z7/fp/crtend.o
 .text          0x00000000        0x0 c:/nxp/s32ds_power_v2.1/s32ds/build_tools/powerpc-eabivle-4_9/bin/../lib/gcc/powerpc-eabivle/4.9.4/e200z7/fp/ecrtn.o
 .data          0x00000000        0x0 c:/nxp/s32ds_power_v2.1/s32ds/build_tools/powerpc-eabivle-4_9/bin/../lib/gcc/powerpc-eabivle/4.9.4/e200z7/fp/ecrtn.o
 .bss           0x00000000        0x0 c:/nxp/s32ds_power_v2.1/s32ds/build_tools/powerpc-eabivle-4_9/bin/../lib/gcc/powerpc-eabivle/4.9.4/e200z7/fp/ecrtn.o
 .fixup         0x00000000        0x0 c:/nxp/s32ds_power_v2.1/s32ds/build_tools/powerpc-eabivle-4_9/bin/../lib/gcc/powerpc-eabivle/4.9.4/e200z7/fp/ecrtn.o
 .sdata         0x00000000        0x0 c:/nxp/s32ds_power_v2.1/s32ds/build_tools/powerpc-eabivle-4_9/bin/../lib/gcc/powerpc-eabivle/4.9.4/e200z7/fp/ecrtn.o
 .sdata2        0x00000000        0x0 c:/nxp/s32ds_power_v2.1/s32ds/build_tools/powerpc-eabivle-4_9/bin/../lib/gcc/powerpc-eabivle/4.9.4/e200z7/fp/ecrtn.o
 .gcc_except_table
                0x00000000        0x0 c:/nxp/s32ds_power_v2.1/s32ds/build_tools/powerpc-eabivle-4_9/bin/../lib/gcc/powerpc-eabivle/4.9.4/e200z7/fp/ecrtn.o

Memory Configuration

Name             Origin             Length             Attributes
flash_rchw       0x00fa0000         0x00000004
cpu0_reset_vec   0x00fa0004         0x00000004
m_text           0x01100000         0x00080000
m_data           0x400d5800         0x0006a800
local_dmem       0x50820000         0x00010000
*default*        0x00000000         0xffffffff

Linker script and memory map

LOAD c:/nxp/s32ds_power_v2.1/s32ds/build_tools/powerpc-eabivle-4_9/bin/../lib/gcc/powerpc-eabivle/4.9.4/e200z7/fp/ecrti.o
LOAD c:/nxp/s32ds_power_v2.1/s32ds/build_tools/powerpc-eabivle-4_9/bin/../lib/gcc/powerpc-eabivle/4.9.4/e200z7/fp/crtbegin.o
LOAD ./Project_Settings/Startup_Code/startup.o
LOAD ./source/BSDModule.o
LOAD ./source/BSDModulePort.o
LOAD ./source/SinSearchTable.o
LOAD ./source/TargetSelect.o
LOAD ./source/Trajectory.o
LOAD ./source/WarningAlg.o
LOAD ./src/S32R274__Interrupt_Init.o
LOAD ./src/Vector.o
LOAD ./src/intc_SW_mode_isr_vectors_S32R274.o
LOAD ./src/intc_sw_handlers.o
LOAD ./src/main_Z7_2.o
LOAD c:/nxp/s32ds_power_v2.1/s32ds/build_tools/powerpc-eabivle-4_9/bin/../lib/gcc/powerpc-eabivle/4.9.4/e200z7/fp\libgcc.a
LOAD C:/NXP/S32DS_Power_v2.1/S32DS/build_tools/powerpc-eabivle-4_9/powerpc-eabivle/newlib/lib/e200z7/fp\libc.a
LOAD c:/nxp/s32ds_power_v2.1/s32ds/build_tools/powerpc-eabivle-4_9/bin/../lib/gcc/powerpc-eabivle/4.9.4/e200z7/fp\libgcc.a
START GROUP
LOAD c:/nxp/s32ds_power_v2.1/s32ds/build_tools/powerpc-eabivle-4_9/bin/../lib/gcc/powerpc-eabivle/4.9.4/e200z7/fp\libgcc.a
LOAD C:/NXP/S32DS_Power_v2.1/S32DS/build_tools/powerpc-eabivle-4_9/powerpc-eabivle/newlib/lib/e200z7/fp\libc.a
LOAD C:/NXP/S32DS_Power_v2.1/S32DS/build_tools/powerpc-eabivle-4_9/powerpc-eabivle/newlib/lib/e200z7/fp\libnosys.a
END GROUP
LOAD c:/nxp/s32ds_power_v2.1/s32ds/build_tools/powerpc-eabivle-4_9/bin/../lib/gcc/powerpc-eabivle/4.9.4/e200z7/fp/crtend.o
LOAD c:/nxp/s32ds_power_v2.1/s32ds/build_tools/powerpc-eabivle-4_9/bin/../lib/gcc/powerpc-eabivle/4.9.4/e200z7/fp/ecrtn.o
                0x00000000                __HEAP_SIZE = 0x0
                0x00001000                __STACK_SIZE = 0x1000
                0x0006a800                SRAM_SIZE = 0x6a800
                0x400d5800                SRAM_BASE_ADDR = 0x400d5800
                0x00010000                LOCALDMEM_SIZE = 0x10000
                0x50820000                LOCALDMEM_BASE_ADDR = 0x50820000

.rchw
 *(.rchw)

.cpu0_reset_vector
 *(.cpu0_reset_vector)

.startup        0x01100000      0x1f6
                0x01100000                __start = .
 *(.startup)
 .startup       0x01100000      0x1f6 ./Project_Settings/Startup_Code/startup.o
                0x01100000                _start

.spt
 *(.spt)

.core_exceptions_table
                0x01101000       0xf4
                0x01101000                __IVPR_VALUE = .
 *(.core_exceptions_table)
 .core_exceptions_table
                0x01101000       0xf4 ./src/Vector.o
                0x01101000                VTABLE
                0x01101000                IVOR0_Vector
                0x01101010                IVOR1_Vector
                0x01101020                IVOR2_Vector
                0x01101030                IVOR3_Vector
                0x01101040                IVOR4_Vector
                0x01101050                IVOR5_Vector
                0x01101060                IVOR6_Vector
                0x01101070                IVOR7_Vector
                0x01101080                IVOR8_Vector
                0x01101090                IVOR9_Vector
                0x011010a0                IVOR10_Vector
                0x011010b0                IVOR11_Vector
                0x011010c0                IVOR12_Vector
                0x011010d0                IVOR13_Vector
                0x011010e0                IVOR14_Vector
                0x011010f0                IVOR15_Vector

.intc_vector_table
                0x01102000      0xbcc
 *(.intc_vector_table)
 .intc_vector_table
                0x01102000      0xbcc ./src/intc_SW_mode_isr_vectors_S32R274.o
                0x01102000                IntcIsrVectorTable

.text           0x01102bd0      0x3c0
 *(.text.startup)
 *(.text)
 .text          0x01102bd0      0x16c c:/nxp/s32ds_power_v2.1/s32ds/build_tools/powerpc-eabivle-4_9/bin/../lib/gcc/powerpc-eabivle/4.9.4/e200z7/fp/crtbegin.o
 *fill*         0x01102d3c        0x4 
 .text          0x01102d40       0x48 ./src/intc_sw_handlers.o
                0x01102d40                IVOR4_Handler
 .text          0x01102d88       0x4a c:/nxp/s32ds_power_v2.1/s32ds/build_tools/powerpc-eabivle-4_9/bin/../lib/gcc/powerpc-eabivle/4.9.4/e200z7/fp\libgcc.a(eabivle.o)
                0x01102d88                __eabi
 *fill*         0x01102dd2        0x2 
 .text          0x01102dd4       0x48 c:/nxp/s32ds_power_v2.1/s32ds/build_tools/powerpc-eabivle-4_9/bin/../lib/gcc/powerpc-eabivle/4.9.4/e200z7/fp/crtend.o
 *(.text.*)
 .text.SetIVPR  0x01102e1c       0x1a ./src/S32R274__Interrupt_Init.o
                0x01102e1c                SetIVPR
 *fill*         0x01102e36        0x2 
 .text.InitINTC
                0x01102e38       0x54 ./src/S32R274__Interrupt_Init.o
                0x01102e38                InitINTC
 .text.enableIrq
                0x01102e8c       0x36 ./src/S32R274__Interrupt_Init.o
                0x01102e8c                enableIrq
 *fill*         0x01102ec2        0x2 
 .text.xcptn_xmpl
                0x01102ec4       0x34 ./src/S32R274__Interrupt_Init.o
                0x01102ec4                xcptn_xmpl
 .text.dummy    0x01102ef8        0xc ./src/intc_SW_mode_isr_vectors_S32R274.o
                0x01102ef8                dummy
 .text.main     0x01102f04       0x32 ./src/main_Z7_2.o
                0x01102f04                main
 .text.memset   0x01102f36       0x16 C:/NXP/S32DS_Power_v2.1/S32DS/build_tools/powerpc-eabivle-4_9/powerpc-eabivle/newlib/lib/e200z7/fp\libc.a(lib_a-memset.o)
                0x01102f36                memset
 *(.init)
 .init          0x01102f4c        0xc c:/nxp/s32ds_power_v2.1/s32ds/build_tools/powerpc-eabivle-4_9/bin/../lib/gcc/powerpc-eabivle/4.9.4/e200z7/fp/ecrti.o
                0x01102f4c                __init
 .init          0x01102f58        0x4 c:/nxp/s32ds_power_v2.1/s32ds/build_tools/powerpc-eabivle-4_9/bin/../lib/gcc/powerpc-eabivle/4.9.4/e200z7/fp/crtbegin.o
 .init          0x01102f5c        0x4 c:/nxp/s32ds_power_v2.1/s32ds/build_tools/powerpc-eabivle-4_9/bin/../lib/gcc/powerpc-eabivle/4.9.4/e200z7/fp/crtend.o
 .init          0x01102f60        0xa c:/nxp/s32ds_power_v2.1/s32ds/build_tools/powerpc-eabivle-4_9/bin/../lib/gcc/powerpc-eabivle/4.9.4/e200z7/fp/ecrtn.o
 *(.fini)
 *fill*         0x01102f6a        0x2 
 .fini          0x01102f6c        0xc c:/nxp/s32ds_power_v2.1/s32ds/build_tools/powerpc-eabivle-4_9/bin/../lib/gcc/powerpc-eabivle/4.9.4/e200z7/fp/ecrti.o
                0x01102f6c                __fini
 .fini          0x01102f78        0x4 c:/nxp/s32ds_power_v2.1/s32ds/build_tools/powerpc-eabivle-4_9/bin/../lib/gcc/powerpc-eabivle/4.9.4/e200z7/fp/crtbegin.o
 .fini          0x01102f7c        0xa c:/nxp/s32ds_power_v2.1/s32ds/build_tools/powerpc-eabivle-4_9/bin/../lib/gcc/powerpc-eabivle/4.9.4/e200z7/fp/ecrtn.o
                0x01102f90                . = ALIGN (0x10)
 *fill*         0x01102f86        0xa 

.glink          0x01102f90        0x0
 .glink         0x01102f90        0x0 c:/nxp/s32ds_power_v2.1/s32ds/build_tools/powerpc-eabivle-4_9/bin/../lib/gcc/powerpc-eabivle/4.9.4/e200z7/fp/crtbegin.o

.ctors          0x01102f90        0x8
                0x01102f90                __CTOR_LIST__ = .
 *crtbegin.o(.ctors)
 .ctors         0x01102f90        0x4 c:/nxp/s32ds_power_v2.1/s32ds/build_tools/powerpc-eabivle-4_9/bin/../lib/gcc/powerpc-eabivle/4.9.4/e200z7/fp/crtbegin.o
 *crtbegin?.o(.ctors)
 *(EXCLUDE_FILE(*crtend.o *crtend?.o) .ctors)
 .ctors         0x01102f94        0x0 c:/nxp/s32ds_power_v2.1/s32ds/build_tools/powerpc-eabivle-4_9/bin/../lib/gcc/powerpc-eabivle/4.9.4/e200z7/fp/ecrti.o
 .ctors         0x01102f94        0x0 c:/nxp/s32ds_power_v2.1/s32ds/build_tools/powerpc-eabivle-4_9/bin/../lib/gcc/powerpc-eabivle/4.9.4/e200z7/fp/ecrtn.o
 *(SORT(.ctors.*))
 *(.ctors)
 .ctors         0x01102f94        0x4 c:/nxp/s32ds_power_v2.1/s32ds/build_tools/powerpc-eabivle-4_9/bin/../lib/gcc/powerpc-eabivle/4.9.4/e200z7/fp/crtend.o
                0x01102f98                __CTOR_END__ = .

.dtors          0x01102f98        0x8
                0x01102f98                __DTOR_LIST__ = .
 *crtbegin.o(.dtors)
 .dtors         0x01102f98        0x4 c:/nxp/s32ds_power_v2.1/s32ds/build_tools/powerpc-eabivle-4_9/bin/../lib/gcc/powerpc-eabivle/4.9.4/e200z7/fp/crtbegin.o
 *crtbegin?.o(.dtors)
 *(EXCLUDE_FILE(*crtend.o *crtend?.o) .dtors)
 .dtors         0x01102f9c        0x0 c:/nxp/s32ds_power_v2.1/s32ds/build_tools/powerpc-eabivle-4_9/bin/../lib/gcc/powerpc-eabivle/4.9.4/e200z7/fp/ecrti.o
 .dtors         0x01102f9c        0x0 c:/nxp/s32ds_power_v2.1/s32ds/build_tools/powerpc-eabivle-4_9/bin/../lib/gcc/powerpc-eabivle/4.9.4/e200z7/fp/ecrtn.o
 *(SORT(.dtors.*))
 *(.dtors)
 .dtors         0x01102f9c        0x4 c:/nxp/s32ds_power_v2.1/s32ds/build_tools/powerpc-eabivle-4_9/bin/../lib/gcc/powerpc-eabivle/4.9.4/e200z7/fp/crtend.o
                0x01102fa0                __DTOR_END__ = .

.preinit_array  0x01102fa0        0x0
                [!provide]                PROVIDE (__preinit_array_start, .)
 *(.preinit_array*)
                [!provide]                PROVIDE (__preinit_array_end, .)

.init_array     0x01102fa0        0x0
                [!provide]                PROVIDE (__init_array_start, .)
 *(SORT(.init_array.*))
 *(.init_array*)
                [!provide]                PROVIDE (__init_array_end, .)

.fini_array     0x01102fa0        0x0
                [!provide]                PROVIDE (__fini_array_start, .)
 *(SORT(.fini_array.*))
 *(.fini_array*)
                [!provide]                PROVIDE (__fini_array_end, .)

.rodata
 *(.rodata)
 *(.rodata.*)

.eh_frame_hdr
 *(.eh_frame_hdr)

.eh_frame       0x01102fa0        0x8
 *(.eh_frame)
 .eh_frame      0x01102fa0        0x0 c:/nxp/s32ds_power_v2.1/s32ds/build_tools/powerpc-eabivle-4_9/bin/../lib/gcc/powerpc-eabivle/4.9.4/e200z7/fp/ecrti.o
                0x01102fa0                __EH_FRAME_BEGIN__
 .eh_frame      0x01102fa0        0x0 c:/nxp/s32ds_power_v2.1/s32ds/build_tools/powerpc-eabivle-4_9/bin/../lib/gcc/powerpc-eabivle/4.9.4/e200z7/fp/crtbegin.o
 .eh_frame      0x01102fa0        0x0 c:/nxp/s32ds_power_v2.1/s32ds/build_tools/powerpc-eabivle-4_9/bin/../lib/gcc/powerpc-eabivle/4.9.4/e200z7/fp/crtbegin.o
 .eh_frame      0x01102fa0        0x4 c:/nxp/s32ds_power_v2.1/s32ds/build_tools/powerpc-eabivle-4_9/bin/../lib/gcc/powerpc-eabivle/4.9.4/e200z7/fp/crtend.o
 .eh_frame      0x01102fa4        0x4 c:/nxp/s32ds_power_v2.1/s32ds/build_tools/powerpc-eabivle-4_9/bin/../lib/gcc/powerpc-eabivle/4.9.4/e200z7/fp/ecrtn.o
                0x01102fa4                __EH_FRAME_END__

.data           0x400d5800        0x4 load address 0x01102fa8
 *(.data)
 .data          0x400d5800        0x4 c:/nxp/s32ds_power_v2.1/s32ds/build_tools/powerpc-eabivle-4_9/bin/../lib/gcc/powerpc-eabivle/4.9.4/e200z7/fp\libgcc.a(eabivle.o)
 *(.data.*)

.jcr            0x400d5804        0x0 load address 0x01102fac
 .jcr           0x400d5804        0x0 c:/nxp/s32ds_power_v2.1/s32ds/build_tools/powerpc-eabivle-4_9/bin/../lib/gcc/powerpc-eabivle/4.9.4/e200z7/fp/crtbegin.o

.tm_clone_table
                0x400d5804        0x0 load address 0x01102fac
 .tm_clone_table
                0x400d5804        0x0 c:/nxp/s32ds_power_v2.1/s32ds/build_tools/powerpc-eabivle-4_9/bin/../lib/gcc/powerpc-eabivle/4.9.4/e200z7/fp/crtbegin.o
 .tm_clone_table
                0x400d5804        0x0 c:/nxp/s32ds_power_v2.1/s32ds/build_tools/powerpc-eabivle-4_9/bin/../lib/gcc/powerpc-eabivle/4.9.4/e200z7/fp/crtend.o

.got2           0x400d5804       0x1c load address 0x01102fac
 .got2          0x400d5804       0x1c c:/nxp/s32ds_power_v2.1/s32ds/build_tools/powerpc-eabivle-4_9/bin/../lib/gcc/powerpc-eabivle/4.9.4/e200z7/fp\libgcc.a(eabivle.o)

.sdata2         0x400d5820        0x0 load address 0x01102fc8
 *(.sdata2)
 .sdata2        0x400d5820        0x0 c:/nxp/s32ds_power_v2.1/s32ds/build_tools/powerpc-eabivle-4_9/bin/../lib/gcc/powerpc-eabivle/4.9.4/e200z7/fp/ecrti.o
 .sdata2        0x400d5820        0x0 c:/nxp/s32ds_power_v2.1/s32ds/build_tools/powerpc-eabivle-4_9/bin/../lib/gcc/powerpc-eabivle/4.9.4/e200z7/fp/crtbegin.o
 *(.sdata2.*)

.sbss2          0x400d5820        0x0 load address 0x01102fc8
 *(.sbss2)
 .sbss2         0x400d5820        0x0 c:/nxp/s32ds_power_v2.1/s32ds/build_tools/powerpc-eabivle-4_9/bin/../lib/gcc/powerpc-eabivle/4.9.4/e200z7/fp/ecrtn.o
 *(.sbss2.*)

.rela.dyn       0x400d5820        0x0 load address 0x01102fc8
 .rela.iplt     0x400d5820        0x0 c:/nxp/s32ds_power_v2.1/s32ds/build_tools/powerpc-eabivle-4_9/bin/../lib/gcc/powerpc-eabivle/4.9.4/e200z7/fp/crtbegin.o
 .rela.text     0x400d5820        0x0 c:/nxp/s32ds_power_v2.1/s32ds/build_tools/powerpc-eabivle-4_9/bin/../lib/gcc/powerpc-eabivle/4.9.4/e200z7/fp/crtbegin.o
 .rela.text.InitINTC
                0x400d5820        0x0 c:/nxp/s32ds_power_v2.1/s32ds/build_tools/powerpc-eabivle-4_9/bin/../lib/gcc/powerpc-eabivle/4.9.4/e200z7/fp/crtbegin.o
 .rela.text.xcptn_xmpl
                0x400d5820        0x0 c:/nxp/s32ds_power_v2.1/s32ds/build_tools/powerpc-eabivle-4_9/bin/../lib/gcc/powerpc-eabivle/4.9.4/e200z7/fp/crtbegin.o
 .rela.text.main
                0x400d5820        0x0 c:/nxp/s32ds_power_v2.1/s32ds/build_tools/powerpc-eabivle-4_9/bin/../lib/gcc/powerpc-eabivle/4.9.4/e200z7/fp/crtbegin.o
 .rela.got2     0x400d5820        0x0 c:/nxp/s32ds_power_v2.1/s32ds/build_tools/powerpc-eabivle-4_9/bin/../lib/gcc/powerpc-eabivle/4.9.4/e200z7/fp/crtbegin.o

.sdata          0x400d5820        0x0 load address 0x01102fc8
 *(.sdata)
 .sdata         0x400d5820        0x0 c:/nxp/s32ds_power_v2.1/s32ds/build_tools/powerpc-eabivle-4_9/bin/../lib/gcc/powerpc-eabivle/4.9.4/e200z7/fp/ecrti.o
 .sdata         0x400d5820        0x0 c:/nxp/s32ds_power_v2.1/s32ds/build_tools/powerpc-eabivle-4_9/bin/../lib/gcc/powerpc-eabivle/4.9.4/e200z7/fp/crtbegin.o
 *(.sdata.*)

.bss            0x400d5820       0x54 load address 0x01102fc8
                0x400d5820                __BSS_START = .
 *(.sbss)
 .sbss          0x400d5820        0x0 c:/nxp/s32ds_power_v2.1/s32ds/build_tools/powerpc-eabivle-4_9/bin/../lib/gcc/powerpc-eabivle/4.9.4/e200z7/fp/ecrtn.o
                0x400d5820                __SBSS_END__
 *(.sbss.*)
 *(.bss)
 .bss           0x400d5820       0x20 c:/nxp/s32ds_power_v2.1/s32ds/build_tools/powerpc-eabivle-4_9/bin/../lib/gcc/powerpc-eabivle/4.9.4/e200z7/fp/crtbegin.o
 *(.bss.*)
 *(COMMON)
 COMMON         0x400d5840       0x34 ./src/main_Z7_2.o
                0x400d5840                str
                0x400d584c                str0
                0x400d5874                __BSS_END = .

.iplt           0x400d5880        0x0 load address 0x01102fc8
 .iplt          0x400d5880        0x0 c:/nxp/s32ds_power_v2.1/s32ds/build_tools/powerpc-eabivle-4_9/bin/../lib/gcc/powerpc-eabivle/4.9.4/e200z7/fp/crtbegin.o

.stack          0x50820000     0x1004
                0x50820000                __HEAP = .
                [!provide]                PROVIDE (_end, .)
                [!provide]                PROVIDE (end, .)
                0x50820000                . = (. + __HEAP_SIZE)
                0x50820000                __HEAP_END = .
                0x50820000                _stack_end = .
                0x50821000                . = (. + __STACK_SIZE)
 *fill*         0x50820000     0x1000 
                0x50821000                _stack_addr = .
                0x50821000                __SP_INIT = .
                0x50821004                . = (. + 0x4)
 *fill*         0x50821000        0x4 
                0x400d5800                __DATA_SRAM_ADDR = ADDR (.data)
                0x400d5820                __SDATA_SRAM_ADDR = ADDR (.sdata)
                0x00000004                __DATA_SIZE = SIZEOF (.data)
                0x00000000                __SDATA_SIZE = SIZEOF (.sdata)
                0x01102fa8                __DATA_ROM_ADDR = LOADADDR (.data)
                0x01102fc8                __SDATA_ROM_ADDR = LOADADDR (.sdata)
                0x0006a800                __SRAM_SIZE = SRAM_SIZE
                0x400d5800                __SRAM_BASE_ADDR = SRAM_BASE_ADDR
                0x00010000                __LOCAL_DMEM_SIZE = LOCALDMEM_SIZE
                0x50820000                __LOCAL_DMEM_BASE_ADDR = LOCALDMEM_BASE_ADDR
                0x00000054                __BSS_SIZE = (__BSS_END - __BSS_START)
OUTPUT(adas_learn_Z7_2.elf elf32-powerpc)

.comment        0x00000000       0x9c
 .comment       0x00000000        0xd c:/nxp/s32ds_power_v2.1/s32ds/build_tools/powerpc-eabivle-4_9/bin/../lib/gcc/powerpc-eabivle/4.9.4/e200z7/fp/ecrti.o
                                  0xe (size before relaxing)
 .comment       0x0000000d       0x82 c:/nxp/s32ds_power_v2.1/s32ds/build_tools/powerpc-eabivle-4_9/bin/../lib/gcc/powerpc-eabivle/4.9.4/e200z7/fp/crtbegin.o
                                 0x83 (size before relaxing)
 .comment       0x0000008f       0x83 ./source/BSDModule.o
 .comment       0x0000008f       0x83 ./src/S32R274__Interrupt_Init.o
 .comment       0x0000008f       0x83 ./src/Vector.o
 .comment       0x0000008f       0x83 ./src/intc_SW_mode_isr_vectors_S32R274.o
 .comment       0x0000008f       0x83 ./src/main_Z7_2.o
 .comment       0x0000008f       0x83 c:/nxp/s32ds_power_v2.1/s32ds/build_tools/powerpc-eabivle-4_9/bin/../lib/gcc/powerpc-eabivle/4.9.4/e200z7/fp/crtend.o
 .comment       0x0000008f        0xd c:/nxp/s32ds_power_v2.1/s32ds/build_tools/powerpc-eabivle-4_9/bin/../lib/gcc/powerpc-eabivle/4.9.4/e200z7/fp/ecrtn.o
                                  0xe (size before relaxing)

.PPC.EMB.apuinfo
                0x00000000       0x18
 .PPC.EMB.apuinfo
                0x00000000       0x18 c:/nxp/s32ds_power_v2.1/s32ds/build_tools/powerpc-eabivle-4_9/bin/../lib/gcc/powerpc-eabivle/4.9.4/e200z7/fp/ecrti.o
 .PPC.EMB.apuinfo
                0x00000018       0x18 c:/nxp/s32ds_power_v2.1/s32ds/build_tools/powerpc-eabivle-4_9/bin/../lib/gcc/powerpc-eabivle/4.9.4/e200z7/fp/crtbegin.o
 .PPC.EMB.apuinfo
                0x00000030       0x18 ./Project_Settings/Startup_Code/startup.o
 .PPC.EMB.apuinfo
                0x00000048       0x18 ./source/BSDModule.o
 .PPC.EMB.apuinfo
                0x00000060       0x18 ./src/S32R274__Interrupt_Init.o
 .PPC.EMB.apuinfo
                0x00000078       0x18 ./src/Vector.o
 .PPC.EMB.apuinfo
                0x00000090       0x18 ./src/intc_SW_mode_isr_vectors_S32R274.o
 .PPC.EMB.apuinfo
                0x000000a8       0x18 ./src/intc_sw_handlers.o
 .PPC.EMB.apuinfo
                0x000000c0       0x18 ./src/main_Z7_2.o
 .PPC.EMB.apuinfo
                0x000000d8       0x18 c:/nxp/s32ds_power_v2.1/s32ds/build_tools/powerpc-eabivle-4_9/bin/../lib/gcc/powerpc-eabivle/4.9.4/e200z7/fp\libgcc.a(eabivle.o)
 .PPC.EMB.apuinfo
                0x000000f0       0x18 C:/NXP/S32DS_Power_v2.1/S32DS/build_tools/powerpc-eabivle-4_9/powerpc-eabivle/newlib/lib/e200z7/fp\libc.a(lib_a-memset.o)
 .PPC.EMB.apuinfo
                0x00000108       0x18 c:/nxp/s32ds_power_v2.1/s32ds/build_tools/powerpc-eabivle-4_9/bin/../lib/gcc/powerpc-eabivle/4.9.4/e200z7/fp/crtend.o
 .PPC.EMB.apuinfo
                0x00000120       0x18 c:/nxp/s32ds_power_v2.1/s32ds/build_tools/powerpc-eabivle-4_9/bin/../lib/gcc/powerpc-eabivle/4.9.4/e200z7/fp/ecrtn.o

.debug_line     0x00000000      0x9f4
 .debug_line    0x00000000       0xdc ./Project_Settings/Startup_Code/startup.o
 .debug_line    0x000000dc       0x55 ./source/BSDModule.o
 .debug_line    0x00000131      0x2b1 ./src/S32R274__Interrupt_Init.o
 .debug_line    0x000003e2       0x70 ./src/Vector.o
 .debug_line    0x00000452      0x254 ./src/intc_SW_mode_isr_vectors_S32R274.o
 .debug_line    0x000006a6       0x5d ./src/intc_sw_handlers.o
 .debug_line    0x00000703      0x2f1 ./src/main_Z7_2.o

.debug_info     0x00000000      0xb11
 .debug_info    0x00000000       0x7d ./Project_Settings/Startup_Code/startup.o
 .debug_info    0x0000007d       0x50 ./source/BSDModule.o
 .debug_info    0x000000cd      0x7ee ./src/S32R274__Interrupt_Init.o
 .debug_info    0x000008bb       0x21 ./src/Vector.o
 .debug_info    0x000008dc       0xc6 ./src/intc_SW_mode_isr_vectors_S32R274.o
 .debug_info    0x000009a2       0x6c ./src/intc_sw_handlers.o
 .debug_info    0x00000a0e      0x103 ./src/main_Z7_2.o

.debug_abbrev   0x00000000      0x31b
 .debug_abbrev  0x00000000       0x14 ./Project_Settings/Startup_Code/startup.o
 .debug_abbrev  0x00000014       0x47 ./source/BSDModule.o
 .debug_abbrev  0x0000005b      0x17d ./src/S32R274__Interrupt_Init.o
 .debug_abbrev  0x000001d8       0x13 ./src/Vector.o
 .debug_abbrev  0x000001eb       0x7c ./src/intc_SW_mode_isr_vectors_S32R274.o
 .debug_abbrev  0x00000267       0x14 ./src/intc_sw_handlers.o
 .debug_abbrev  0x0000027b       0xa0 ./src/main_Z7_2.o

.debug_aranges  0x00000000       0xf0
 .debug_aranges
                0x00000000       0x20 ./Project_Settings/Startup_Code/startup.o
 .debug_aranges
                0x00000020       0x20 ./source/BSDModule.o
 .debug_aranges
                0x00000040       0x38 ./src/S32R274__Interrupt_Init.o
 .debug_aranges
                0x00000078       0x18 ./src/Vector.o
 .debug_aranges
                0x00000090       0x20 ./src/intc_SW_mode_isr_vectors_S32R274.o
 .debug_aranges
                0x000000b0       0x20 ./src/intc_sw_handlers.o
 .debug_aranges
                0x000000d0       0x20 ./src/main_Z7_2.o

.debug_ranges   0x00000000       0x58
 .debug_ranges  0x00000000       0x10 ./source/BSDModule.o
 .debug_ranges  0x00000010       0x28 ./src/S32R274__Interrupt_Init.o
 .debug_ranges  0x00000038       0x10 ./src/intc_SW_mode_isr_vectors_S32R274.o
 .debug_ranges  0x00000048       0x10 ./src/main_Z7_2.o

.debug_macro    0x00000000     0xeb74
 .debug_macro   0x00000000       0x1b ./source/BSDModule.o
 .debug_macro   0x0000001b      0x60a ./source/BSDModule.o
 .debug_macro   0x00000625       0x7d ./src/S32R274__Interrupt_Init.o
 .debug_macro   0x000006a2       0x22 ./src/S32R274__Interrupt_Init.o
 .debug_macro   0x000006c4       0x44 ./src/S32R274__Interrupt_Init.o
 .debug_macro   0x00000708       0x1c ./src/S32R274__Interrupt_Init.o
 .debug_macro   0x00000724      0x1f7 ./src/S32R274__Interrupt_Init.o
 .debug_macro   0x0000091b     0xd904 ./src/S32R274__Interrupt_Init.o
 .debug_macro   0x0000e21f       0x2e ./src/S32R274__Interrupt_Init.o
 .debug_macro   0x0000e24d       0x26 ./src/Vector.o
 .debug_macro   0x0000e273       0x55 ./src/intc_SW_mode_isr_vectors_S32R274.o
 .debug_macro   0x0000e2c8      0x111 ./src/main_Z7_2.o
 .debug_macro   0x0000e3d9       0x58 ./src/main_Z7_2.o
 .debug_macro   0x0000e431       0x3b ./src/main_Z7_2.o
 .debug_macro   0x0000e46c       0x9c ./src/main_Z7_2.o
 .debug_macro   0x0000e508      0x166 ./src/main_Z7_2.o
 .debug_macro   0x0000e66e       0x52 ./src/main_Z7_2.o
 .debug_macro   0x0000e6c0       0x16 ./src/main_Z7_2.o
 .debug_macro   0x0000e6d6       0x43 ./src/main_Z7_2.o
 .debug_macro   0x0000e719      0x179 ./src/main_Z7_2.o
 .debug_macro   0x0000e892      0x29d ./src/main_Z7_2.o
 .debug_macro   0x0000eb2f       0x10 ./src/main_Z7_2.o
 .debug_macro   0x0000eb3f       0x35 ./src/main_Z7_2.o

.debug_str      0x00000000    0x3b85e
 .debug_str     0x00000000     0x1e3b ./source/BSDModule.o
                               0x1e41 (size before relaxing)
 .debug_str     0x00001e3b    0x37502 ./src/S32R274__Interrupt_Init.o
                              0x39469 (size before relaxing)
 .debug_str     0x0003933d       0x75 ./src/Vector.o
                               0x1f8d (size before relaxing)
 .debug_str     0x000393b2       0x30 ./src/intc_SW_mode_isr_vectors_S32R274.o
                               0x298c (size before relaxing)
 .debug_str     0x000393e2     0x247c ./src/main_Z7_2.o
                              0x3b418 (size before relaxing)

.debug_frame    0x00000000      0x14c
 .debug_frame   0x00000000       0x34 ./source/BSDModule.o
 .debug_frame   0x00000034       0xa0 ./src/S32R274__Interrupt_Init.o
 .debug_frame   0x000000d4       0x2c ./src/intc_SW_mode_isr_vectors_S32R274.o
 .debug_frame   0x00000100       0x2c ./src/main_Z7_2.o
 .debug_frame   0x0000012c       0x20 C:/NXP/S32DS_Power_v2.1/S32DS/build_tools/powerpc-eabivle-4_9/powerpc-eabivle/newlib/lib/e200z7/fp\libc.a(lib_a-memset.o)
