Archive member included to satisfy reference by file (symbol)

c:/nxp/s32ds_power_v2.1/s32ds/build_tools/powerpc-eabivle-4_9/bin/../lib/gcc/powerpc-eabivle/4.9.4/e200z7/fp\libgcc.a(eabivle.o)
                              ./src/main_Z7_1.o (__eabi)

Discarded input sections

 .text          0x00000000        0x0 c:/nxp/s32ds_power_v2.1/s32ds/build_tools/powerpc-eabivle-4_9/bin/../lib/gcc/powerpc-eabivle/4.9.4/e200z7/fp/ecrti.o
 .data          0x00000000        0x0 c:/nxp/s32ds_power_v2.1/s32ds/build_tools/powerpc-eabivle-4_9/bin/../lib/gcc/powerpc-eabivle/4.9.4/e200z7/fp/ecrti.o
 .bss           0x00000000        0x0 c:/nxp/s32ds_power_v2.1/s32ds/build_tools/powerpc-eabivle-4_9/bin/../lib/gcc/powerpc-eabivle/4.9.4/e200z7/fp/ecrti.o
 .fixup         0x00000000        0x0 c:/nxp/s32ds_power_v2.1/s32ds/build_tools/powerpc-eabivle-4_9/bin/../lib/gcc/powerpc-eabivle/4.9.4/e200z7/fp/ecrti.o
 .sbss          0x00000000        0x0 c:/nxp/s32ds_power_v2.1/s32ds/build_tools/powerpc-eabivle-4_9/bin/../lib/gcc/powerpc-eabivle/4.9.4/e200z7/fp/ecrti.o
 .sbss2         0x00000000        0x0 c:/nxp/s32ds_power_v2.1/s32ds/build_tools/powerpc-eabivle-4_9/bin/../lib/gcc/powerpc-eabivle/4.9.4/e200z7/fp/ecrti.o
 .gcc_except_table
                0x00000000        0x0 c:/nxp/s32ds_power_v2.1/s32ds/build_tools/powerpc-eabivle-4_9/bin/../lib/gcc/powerpc-eabivle/4.9.4/e200z7/fp/ecrti.o
 .data          0x00000000        0x4 c:/nxp/s32ds_power_v2.1/s32ds/build_tools/powerpc-eabivle-4_9/bin/../lib/gcc/powerpc-eabivle/4.9.4/e200z7/fp/crtbegin.o
 .text          0x00000000        0x0 ./Project_Settings/Startup_Code/startup.o
 .data          0x00000000        0x0 ./Project_Settings/Startup_Code/startup.o
 .bss           0x00000000        0x0 ./Project_Settings/Startup_Code/startup.o
 .group         0x00000000        0x8 ./src/S32R274__Interrupt_Init.o
 .group         0x00000000        0x8 ./src/S32R274__Interrupt_Init.o
 .group         0x00000000        0x8 ./src/S32R274__Interrupt_Init.o
 .group         0x00000000        0x8 ./src/S32R274__Interrupt_Init.o
 .group         0x00000000        0x8 ./src/S32R274__Interrupt_Init.o
 .group         0x00000000        0x8 ./src/S32R274__Interrupt_Init.o
 .group         0x00000000        0x8 ./src/S32R274__Interrupt_Init.o
 .text          0x00000000        0x0 ./src/S32R274__Interrupt_Init.o
 .data          0x00000000        0x0 ./src/S32R274__Interrupt_Init.o
 .bss           0x00000000        0x0 ./src/S32R274__Interrupt_Init.o
 .group         0x00000000        0x8 ./src/Vector.o
 .group         0x00000000        0x8 ./src/Vector.o
 .text          0x00000000        0x0 ./src/Vector.o
 .data          0x00000000        0x0 ./src/Vector.o
 .bss           0x00000000        0x0 ./src/Vector.o
 .debug_macro   0x00000000      0x60a ./src/Vector.o
 .debug_macro   0x00000000       0x2e ./src/Vector.o
 .group         0x00000000        0x8 ./src/intc_SW_mode_isr_vectors_S32R274.o
 .group         0x00000000        0x8 ./src/intc_SW_mode_isr_vectors_S32R274.o
 .group         0x00000000        0x8 ./src/intc_SW_mode_isr_vectors_S32R274.o
 .group         0x00000000        0x8 ./src/intc_SW_mode_isr_vectors_S32R274.o
 .group         0x00000000        0x8 ./src/intc_SW_mode_isr_vectors_S32R274.o
 .text          0x00000000        0x0 ./src/intc_SW_mode_isr_vectors_S32R274.o
 .data          0x00000000        0x0 ./src/intc_SW_mode_isr_vectors_S32R274.o
 .bss           0x00000000        0x0 ./src/intc_SW_mode_isr_vectors_S32R274.o
 .debug_macro   0x00000000      0x60a ./src/intc_SW_mode_isr_vectors_S32R274.o
 .debug_macro   0x00000000       0x22 ./src/intc_SW_mode_isr_vectors_S32R274.o
 .debug_macro   0x00000000       0x44 ./src/intc_SW_mode_isr_vectors_S32R274.o
 .debug_macro   0x00000000       0x1c ./src/intc_SW_mode_isr_vectors_S32R274.o
 .debug_macro   0x00000000      0x1f7 ./src/intc_SW_mode_isr_vectors_S32R274.o
 .data          0x00000000        0x0 ./src/intc_sw_handlers.o
 .bss           0x00000000        0x0 ./src/intc_sw_handlers.o
 .group         0x00000000        0x8 ./src/main_Z7_1.o
 .group         0x00000000        0x8 ./src/main_Z7_1.o
 .group         0x00000000        0x8 ./src/main_Z7_1.o
 .group         0x00000000        0x8 ./src/main_Z7_1.o
 .group         0x00000000        0x8 ./src/main_Z7_1.o
 .group         0x00000000        0x8 ./src/main_Z7_1.o
 .text          0x00000000        0x0 ./src/main_Z7_1.o
 .data          0x00000000        0x0 ./src/main_Z7_1.o
 .bss           0x00000000        0x0 ./src/main_Z7_1.o
 .debug_macro   0x00000000      0x60a ./src/main_Z7_1.o
 .debug_macro   0x00000000       0x22 ./src/main_Z7_1.o
 .debug_macro   0x00000000       0x44 ./src/main_Z7_1.o
 .debug_macro   0x00000000       0x1c ./src/main_Z7_1.o
 .debug_macro   0x00000000      0x1f7 ./src/main_Z7_1.o
 .debug_macro   0x00000000     0xd904 ./src/main_Z7_1.o
 .bss           0x00000000        0x0 c:/nxp/s32ds_power_v2.1/s32ds/build_tools/powerpc-eabivle-4_9/bin/../lib/gcc/powerpc-eabivle/4.9.4/e200z7/fp\libgcc.a(eabivle.o)
 .data          0x00000000        0x0 c:/nxp/s32ds_power_v2.1/s32ds/build_tools/powerpc-eabivle-4_9/bin/../lib/gcc/powerpc-eabivle/4.9.4/e200z7/fp/crtend.o
 .bss           0x00000000        0x0 c:/nxp/s32ds_power_v2.1/s32ds/build_tools/powerpc-eabivle-4_9/bin/../lib/gcc/powerpc-eabivle/4.9.4/e200z7/fp/crtend.o
 .jcr           0x00000000        0x4 c:/nxp/s32ds_power_v2.1/s32ds/build_tools/powerpc-eabivle-4_9/bin/../lib/gcc/powerpc-eabivle/4.9.4/e200z7/fp/crtend.o
 .text          0x00000000        0x0 c:/nxp/s32ds_power_v2.1/s32ds/build_tools/powerpc-eabivle-4_9/bin/../lib/gcc/powerpc-eabivle/4.9.4/e200z7/fp/ecrtn.o
 .data          0x00000000        0x0 c:/nxp/s32ds_power_v2.1/s32ds/build_tools/powerpc-eabivle-4_9/bin/../lib/gcc/powerpc-eabivle/4.9.4/e200z7/fp/ecrtn.o
 .bss           0x00000000        0x0 c:/nxp/s32ds_power_v2.1/s32ds/build_tools/powerpc-eabivle-4_9/bin/../lib/gcc/powerpc-eabivle/4.9.4/e200z7/fp/ecrtn.o
 .fixup         0x00000000        0x0 c:/nxp/s32ds_power_v2.1/s32ds/build_tools/powerpc-eabivle-4_9/bin/../lib/gcc/powerpc-eabivle/4.9.4/e200z7/fp/ecrtn.o
 .sdata         0x00000000        0x0 c:/nxp/s32ds_power_v2.1/s32ds/build_tools/powerpc-eabivle-4_9/bin/../lib/gcc/powerpc-eabivle/4.9.4/e200z7/fp/ecrtn.o
 .sdata2        0x00000000        0x0 c:/nxp/s32ds_power_v2.1/s32ds/build_tools/powerpc-eabivle-4_9/bin/../lib/gcc/powerpc-eabivle/4.9.4/e200z7/fp/ecrtn.o
 .gcc_except_table
                0x00000000        0x0 c:/nxp/s32ds_power_v2.1/s32ds/build_tools/powerpc-eabivle-4_9/bin/../lib/gcc/powerpc-eabivle/4.9.4/e200z7/fp/ecrtn.o

Memory Configuration

Name             Origin             Length             Attributes
flash_rchw       0x00fa0000         0x00000004
cpu0_reset_vec   0x00fa0004         0x00000004
m_text           0x01080000         0x00080000
m_data           0x4006b000         0x0006a800
local_dmem       0x50810000         0x00010000
*default*        0x00000000         0xffffffff

Linker script and memory map

LOAD c:/nxp/s32ds_power_v2.1/s32ds/build_tools/powerpc-eabivle-4_9/bin/../lib/gcc/powerpc-eabivle/4.9.4/e200z7/fp/ecrti.o
LOAD c:/nxp/s32ds_power_v2.1/s32ds/build_tools/powerpc-eabivle-4_9/bin/../lib/gcc/powerpc-eabivle/4.9.4/e200z7/fp/crtbegin.o
LOAD ./Project_Settings/Startup_Code/startup.o
LOAD ./src/S32R274__Interrupt_Init.o
LOAD ./src/Vector.o
LOAD ./src/intc_SW_mode_isr_vectors_S32R274.o
LOAD ./src/intc_sw_handlers.o
LOAD ./src/main_Z7_1.o
LOAD c:/nxp/s32ds_power_v2.1/s32ds/build_tools/powerpc-eabivle-4_9/bin/../lib/gcc/powerpc-eabivle/4.9.4/e200z7/fp\libgcc.a
LOAD C:/NXP/S32DS_Power_v2.1/S32DS/build_tools/powerpc-eabivle-4_9/powerpc-eabivle/newlib/lib/e200z7/fp\libc.a
LOAD c:/nxp/s32ds_power_v2.1/s32ds/build_tools/powerpc-eabivle-4_9/bin/../lib/gcc/powerpc-eabivle/4.9.4/e200z7/fp\libgcc.a
START GROUP
LOAD c:/nxp/s32ds_power_v2.1/s32ds/build_tools/powerpc-eabivle-4_9/bin/../lib/gcc/powerpc-eabivle/4.9.4/e200z7/fp\libgcc.a
LOAD C:/NXP/S32DS_Power_v2.1/S32DS/build_tools/powerpc-eabivle-4_9/powerpc-eabivle/newlib/lib/e200z7/fp\libc.a
LOAD C:/NXP/S32DS_Power_v2.1/S32DS/build_tools/powerpc-eabivle-4_9/powerpc-eabivle/newlib/lib/e200z7/fp\libnosys.a
END GROUP
LOAD c:/nxp/s32ds_power_v2.1/s32ds/build_tools/powerpc-eabivle-4_9/bin/../lib/gcc/powerpc-eabivle/4.9.4/e200z7/fp/crtend.o
LOAD c:/nxp/s32ds_power_v2.1/s32ds/build_tools/powerpc-eabivle-4_9/bin/../lib/gcc/powerpc-eabivle/4.9.4/e200z7/fp/ecrtn.o
                0x00000000                __HEAP_SIZE = 0x0
                0x00001000                __STACK_SIZE = 0x1000
                0x0006a800                SRAM_SIZE = 0x6a800
                0x4006b000                SRAM_BASE_ADDR = 0x4006b000
                0x00010000                LOCALDMEM_SIZE = 0x10000
                0x50810000                LOCALDMEM_BASE_ADDR = 0x50810000

.rchw
 *(.rchw)

.cpu0_reset_vector
 *(.cpu0_reset_vector)

.startup        0x01080000      0x1f6
                0x01080000                __start = .
 *(.startup)
 .startup       0x01080000      0x1f6 ./Project_Settings/Startup_Code/startup.o
                0x01080000                _start

.spt
 *(.spt)

.core_exceptions_table
                0x01081000       0xf4
                0x01081000                __IVPR_VALUE = .
 *(.core_exceptions_table)
 .core_exceptions_table
                0x01081000       0xf4 ./src/Vector.o
                0x01081000                VTABLE
                0x01081000                IVOR0_Vector
                0x01081010                IVOR1_Vector
                0x01081020                IVOR2_Vector
                0x01081030                IVOR3_Vector
                0x01081040                IVOR4_Vector
                0x01081050                IVOR5_Vector
                0x01081060                IVOR6_Vector
                0x01081070                IVOR7_Vector
                0x01081080                IVOR8_Vector
                0x01081090                IVOR9_Vector
                0x010810a0                IVOR10_Vector
                0x010810b0                IVOR11_Vector
                0x010810c0                IVOR12_Vector
                0x010810d0                IVOR13_Vector
                0x010810e0                IVOR14_Vector
                0x010810f0                IVOR15_Vector

.intc_vector_table
                0x01082000      0xbcc
 *(.intc_vector_table)
 .intc_vector_table
                0x01082000      0xbcc ./src/intc_SW_mode_isr_vectors_S32R274.o
                0x01082000                IntcIsrVectorTable

.text           0x01082bd0      0x3a0
 *(.text.startup)
 *(.text)
 .text          0x01082bd0      0x16c c:/nxp/s32ds_power_v2.1/s32ds/build_tools/powerpc-eabivle-4_9/bin/../lib/gcc/powerpc-eabivle/4.9.4/e200z7/fp/crtbegin.o
 *fill*         0x01082d3c        0x4 
 .text          0x01082d40       0x48 ./src/intc_sw_handlers.o
                0x01082d40                IVOR4_Handler
 .text          0x01082d88       0x4a c:/nxp/s32ds_power_v2.1/s32ds/build_tools/powerpc-eabivle-4_9/bin/../lib/gcc/powerpc-eabivle/4.9.4/e200z7/fp\libgcc.a(eabivle.o)
                0x01082d88                __eabi
 *fill*         0x01082dd2        0x2 
 .text          0x01082dd4       0x48 c:/nxp/s32ds_power_v2.1/s32ds/build_tools/powerpc-eabivle-4_9/bin/../lib/gcc/powerpc-eabivle/4.9.4/e200z7/fp/crtend.o
 *(.text.*)
 .text.SetIVPR  0x01082e1c       0x1a ./src/S32R274__Interrupt_Init.o
                0x01082e1c                SetIVPR
 *fill*         0x01082e36        0x2 
 .text.InitINTC
                0x01082e38       0x54 ./src/S32R274__Interrupt_Init.o
                0x01082e38                InitINTC
 .text.enableIrq
                0x01082e8c       0x36 ./src/S32R274__Interrupt_Init.o
                0x01082e8c                enableIrq
 *fill*         0x01082ec2        0x2 
 .text.xcptn_xmpl
                0x01082ec4       0x34 ./src/S32R274__Interrupt_Init.o
                0x01082ec4                xcptn_xmpl
 .text.dummy    0x01082ef8        0xc ./src/intc_SW_mode_isr_vectors_S32R274.o
                0x01082ef8                dummy
 .text.main     0x01082f04       0x22 ./src/main_Z7_1.o
                0x01082f04                main
 *(.init)
 *fill*         0x01082f26        0x2 
 .init          0x01082f28        0xc c:/nxp/s32ds_power_v2.1/s32ds/build_tools/powerpc-eabivle-4_9/bin/../lib/gcc/powerpc-eabivle/4.9.4/e200z7/fp/ecrti.o
                0x01082f28                __init
 .init          0x01082f34        0x4 c:/nxp/s32ds_power_v2.1/s32ds/build_tools/powerpc-eabivle-4_9/bin/../lib/gcc/powerpc-eabivle/4.9.4/e200z7/fp/crtbegin.o
 .init          0x01082f38        0x4 c:/nxp/s32ds_power_v2.1/s32ds/build_tools/powerpc-eabivle-4_9/bin/../lib/gcc/powerpc-eabivle/4.9.4/e200z7/fp/crtend.o
 .init          0x01082f3c        0xa c:/nxp/s32ds_power_v2.1/s32ds/build_tools/powerpc-eabivle-4_9/bin/../lib/gcc/powerpc-eabivle/4.9.4/e200z7/fp/ecrtn.o
 *(.fini)
 *fill*         0x01082f46        0x2 
 .fini          0x01082f48        0xc c:/nxp/s32ds_power_v2.1/s32ds/build_tools/powerpc-eabivle-4_9/bin/../lib/gcc/powerpc-eabivle/4.9.4/e200z7/fp/ecrti.o
                0x01082f48                __fini
 .fini          0x01082f54        0x4 c:/nxp/s32ds_power_v2.1/s32ds/build_tools/powerpc-eabivle-4_9/bin/../lib/gcc/powerpc-eabivle/4.9.4/e200z7/fp/crtbegin.o
 .fini          0x01082f58        0xa c:/nxp/s32ds_power_v2.1/s32ds/build_tools/powerpc-eabivle-4_9/bin/../lib/gcc/powerpc-eabivle/4.9.4/e200z7/fp/ecrtn.o
                0x01082f70                . = ALIGN (0x10)
 *fill*         0x01082f62        0xe 

.glink          0x01082f70        0x0
 .glink         0x01082f70        0x0 c:/nxp/s32ds_power_v2.1/s32ds/build_tools/powerpc-eabivle-4_9/bin/../lib/gcc/powerpc-eabivle/4.9.4/e200z7/fp/crtbegin.o

.ctors          0x01082f70        0x8
                0x01082f70                __CTOR_LIST__ = .
 *crtbegin.o(.ctors)
 .ctors         0x01082f70        0x4 c:/nxp/s32ds_power_v2.1/s32ds/build_tools/powerpc-eabivle-4_9/bin/../lib/gcc/powerpc-eabivle/4.9.4/e200z7/fp/crtbegin.o
 *crtbegin?.o(.ctors)
 *(EXCLUDE_FILE(*crtend.o *crtend?.o) .ctors)
 .ctors         0x01082f74        0x0 c:/nxp/s32ds_power_v2.1/s32ds/build_tools/powerpc-eabivle-4_9/bin/../lib/gcc/powerpc-eabivle/4.9.4/e200z7/fp/ecrti.o
 .ctors         0x01082f74        0x0 c:/nxp/s32ds_power_v2.1/s32ds/build_tools/powerpc-eabivle-4_9/bin/../lib/gcc/powerpc-eabivle/4.9.4/e200z7/fp/ecrtn.o
 *(SORT(.ctors.*))
 *(.ctors)
 .ctors         0x01082f74        0x4 c:/nxp/s32ds_power_v2.1/s32ds/build_tools/powerpc-eabivle-4_9/bin/../lib/gcc/powerpc-eabivle/4.9.4/e200z7/fp/crtend.o
                0x01082f78                __CTOR_END__ = .

.dtors          0x01082f78        0x8
                0x01082f78                __DTOR_LIST__ = .
 *crtbegin.o(.dtors)
 .dtors         0x01082f78        0x4 c:/nxp/s32ds_power_v2.1/s32ds/build_tools/powerpc-eabivle-4_9/bin/../lib/gcc/powerpc-eabivle/4.9.4/e200z7/fp/crtbegin.o
 *crtbegin?.o(.dtors)
 *(EXCLUDE_FILE(*crtend.o *crtend?.o) .dtors)
 .dtors         0x01082f7c        0x0 c:/nxp/s32ds_power_v2.1/s32ds/build_tools/powerpc-eabivle-4_9/bin/../lib/gcc/powerpc-eabivle/4.9.4/e200z7/fp/ecrti.o
 .dtors         0x01082f7c        0x0 c:/nxp/s32ds_power_v2.1/s32ds/build_tools/powerpc-eabivle-4_9/bin/../lib/gcc/powerpc-eabivle/4.9.4/e200z7/fp/ecrtn.o
 *(SORT(.dtors.*))
 *(.dtors)
 .dtors         0x01082f7c        0x4 c:/nxp/s32ds_power_v2.1/s32ds/build_tools/powerpc-eabivle-4_9/bin/../lib/gcc/powerpc-eabivle/4.9.4/e200z7/fp/crtend.o
                0x01082f80                __DTOR_END__ = .

.preinit_array  0x01082f80        0x0
                [!provide]                PROVIDE (__preinit_array_start, .)
 *(.preinit_array*)
                [!provide]                PROVIDE (__preinit_array_end, .)

.init_array     0x01082f80        0x0
                [!provide]                PROVIDE (__init_array_start, .)
 *(SORT(.init_array.*))
 *(.init_array*)
                [!provide]                PROVIDE (__init_array_end, .)

.fini_array     0x01082f80        0x0
                [!provide]                PROVIDE (__fini_array_start, .)
 *(SORT(.fini_array.*))
 *(.fini_array*)
                [!provide]                PROVIDE (__fini_array_end, .)

.rodata
 *(.rodata)
 *(.rodata.*)

.eh_frame_hdr
 *(.eh_frame_hdr)

.eh_frame       0x01082f80        0x8
 *(.eh_frame)
 .eh_frame      0x01082f80        0x0 c:/nxp/s32ds_power_v2.1/s32ds/build_tools/powerpc-eabivle-4_9/bin/../lib/gcc/powerpc-eabivle/4.9.4/e200z7/fp/ecrti.o
                0x01082f80                __EH_FRAME_BEGIN__
 .eh_frame      0x01082f80        0x0 c:/nxp/s32ds_power_v2.1/s32ds/build_tools/powerpc-eabivle-4_9/bin/../lib/gcc/powerpc-eabivle/4.9.4/e200z7/fp/crtbegin.o
 .eh_frame      0x01082f80        0x0 c:/nxp/s32ds_power_v2.1/s32ds/build_tools/powerpc-eabivle-4_9/bin/../lib/gcc/powerpc-eabivle/4.9.4/e200z7/fp/crtbegin.o
 .eh_frame      0x01082f80        0x4 c:/nxp/s32ds_power_v2.1/s32ds/build_tools/powerpc-eabivle-4_9/bin/../lib/gcc/powerpc-eabivle/4.9.4/e200z7/fp/crtend.o
 .eh_frame      0x01082f84        0x4 c:/nxp/s32ds_power_v2.1/s32ds/build_tools/powerpc-eabivle-4_9/bin/../lib/gcc/powerpc-eabivle/4.9.4/e200z7/fp/ecrtn.o
                0x01082f84                __EH_FRAME_END__

.data           0x4006b000        0x4 load address 0x01082f88
 *(.data)
 .data          0x4006b000        0x4 c:/nxp/s32ds_power_v2.1/s32ds/build_tools/powerpc-eabivle-4_9/bin/../lib/gcc/powerpc-eabivle/4.9.4/e200z7/fp\libgcc.a(eabivle.o)
 *(.data.*)

.jcr            0x4006b004        0x0 load address 0x01082f8c
 .jcr           0x4006b004        0x0 c:/nxp/s32ds_power_v2.1/s32ds/build_tools/powerpc-eabivle-4_9/bin/../lib/gcc/powerpc-eabivle/4.9.4/e200z7/fp/crtbegin.o

.tm_clone_table
                0x4006b004        0x0 load address 0x01082f8c
 .tm_clone_table
                0x4006b004        0x0 c:/nxp/s32ds_power_v2.1/s32ds/build_tools/powerpc-eabivle-4_9/bin/../lib/gcc/powerpc-eabivle/4.9.4/e200z7/fp/crtbegin.o
 .tm_clone_table
                0x4006b004        0x0 c:/nxp/s32ds_power_v2.1/s32ds/build_tools/powerpc-eabivle-4_9/bin/../lib/gcc/powerpc-eabivle/4.9.4/e200z7/fp/crtend.o

.got2           0x4006b004       0x1c load address 0x01082f8c
 .got2          0x4006b004       0x1c c:/nxp/s32ds_power_v2.1/s32ds/build_tools/powerpc-eabivle-4_9/bin/../lib/gcc/powerpc-eabivle/4.9.4/e200z7/fp\libgcc.a(eabivle.o)

.sdata2         0x4006b020        0x0 load address 0x01082fa8
 *(.sdata2)
 .sdata2        0x4006b020        0x0 c:/nxp/s32ds_power_v2.1/s32ds/build_tools/powerpc-eabivle-4_9/bin/../lib/gcc/powerpc-eabivle/4.9.4/e200z7/fp/ecrti.o
 .sdata2        0x4006b020        0x0 c:/nxp/s32ds_power_v2.1/s32ds/build_tools/powerpc-eabivle-4_9/bin/../lib/gcc/powerpc-eabivle/4.9.4/e200z7/fp/crtbegin.o
 *(.sdata2.*)

.sbss2          0x4006b020        0x0 load address 0x01082fa8
 *(.sbss2)
 .sbss2         0x4006b020        0x0 c:/nxp/s32ds_power_v2.1/s32ds/build_tools/powerpc-eabivle-4_9/bin/../lib/gcc/powerpc-eabivle/4.9.4/e200z7/fp/ecrtn.o
 *(.sbss2.*)

.rela.dyn       0x4006b020        0x0 load address 0x01082fa8
 .rela.iplt     0x4006b020        0x0 c:/nxp/s32ds_power_v2.1/s32ds/build_tools/powerpc-eabivle-4_9/bin/../lib/gcc/powerpc-eabivle/4.9.4/e200z7/fp/crtbegin.o
 .rela.text     0x4006b020        0x0 c:/nxp/s32ds_power_v2.1/s32ds/build_tools/powerpc-eabivle-4_9/bin/../lib/gcc/powerpc-eabivle/4.9.4/e200z7/fp/crtbegin.o
 .rela.text.InitINTC
                0x4006b020        0x0 c:/nxp/s32ds_power_v2.1/s32ds/build_tools/powerpc-eabivle-4_9/bin/../lib/gcc/powerpc-eabivle/4.9.4/e200z7/fp/crtbegin.o
 .rela.text.xcptn_xmpl
                0x4006b020        0x0 c:/nxp/s32ds_power_v2.1/s32ds/build_tools/powerpc-eabivle-4_9/bin/../lib/gcc/powerpc-eabivle/4.9.4/e200z7/fp/crtbegin.o
 .rela.got2     0x4006b020        0x0 c:/nxp/s32ds_power_v2.1/s32ds/build_tools/powerpc-eabivle-4_9/bin/../lib/gcc/powerpc-eabivle/4.9.4/e200z7/fp/crtbegin.o

.sdata          0x4006b020        0x0 load address 0x01082fa8
 *(.sdata)
 .sdata         0x4006b020        0x0 c:/nxp/s32ds_power_v2.1/s32ds/build_tools/powerpc-eabivle-4_9/bin/../lib/gcc/powerpc-eabivle/4.9.4/e200z7/fp/ecrti.o
 .sdata         0x4006b020        0x0 c:/nxp/s32ds_power_v2.1/s32ds/build_tools/powerpc-eabivle-4_9/bin/../lib/gcc/powerpc-eabivle/4.9.4/e200z7/fp/crtbegin.o
 *(.sdata.*)

.bss            0x4006b020       0x20 load address 0x01082fa8
                0x4006b020                __BSS_START = .
 *(.sbss)
 .sbss          0x4006b020        0x0 c:/nxp/s32ds_power_v2.1/s32ds/build_tools/powerpc-eabivle-4_9/bin/../lib/gcc/powerpc-eabivle/4.9.4/e200z7/fp/ecrtn.o
                0x4006b020                __SBSS_END__
 *(.sbss.*)
 *(.bss)
 .bss           0x4006b020       0x20 c:/nxp/s32ds_power_v2.1/s32ds/build_tools/powerpc-eabivle-4_9/bin/../lib/gcc/powerpc-eabivle/4.9.4/e200z7/fp/crtbegin.o
 *(.bss.*)
 *(COMMON)
                0x4006b040                __BSS_END = .

.iplt           0x4006b040        0x0 load address 0x01082fa8
 .iplt          0x4006b040        0x0 c:/nxp/s32ds_power_v2.1/s32ds/build_tools/powerpc-eabivle-4_9/bin/../lib/gcc/powerpc-eabivle/4.9.4/e200z7/fp/crtbegin.o

.stack          0x50810000     0x1004
                0x50810000                __HEAP = .
                [!provide]                PROVIDE (_end, .)
                [!provide]                PROVIDE (end, .)
                0x50810000                . = (. + __HEAP_SIZE)
                0x50810000                __HEAP_END = .
                0x50810000                _stack_end = .
                0x50811000                . = (. + __STACK_SIZE)
 *fill*         0x50810000     0x1000 
                0x50811000                _stack_addr = .
                0x50811000                __SP_INIT = .
                0x50811004                . = (. + 0x4)
 *fill*         0x50811000        0x4 
                0x4006b000                __DATA_SRAM_ADDR = ADDR (.data)
                0x4006b020                __SDATA_SRAM_ADDR = ADDR (.sdata)
                0x00000004                __DATA_SIZE = SIZEOF (.data)
                0x00000000                __SDATA_SIZE = SIZEOF (.sdata)
                0x01082f88                __DATA_ROM_ADDR = LOADADDR (.data)
                0x01082fa8                __SDATA_ROM_ADDR = LOADADDR (.sdata)
                0x0006a800                __SRAM_SIZE = SRAM_SIZE
                0x4006b000                __SRAM_BASE_ADDR = SRAM_BASE_ADDR
                0x00010000                __LOCAL_DMEM_SIZE = LOCALDMEM_SIZE
                0x50810000                __LOCAL_DMEM_BASE_ADDR = LOCALDMEM_BASE_ADDR
                0x00000020                __BSS_SIZE = (__BSS_END - __BSS_START)
OUTPUT(adas_learn_Z7_1.elf elf32-powerpc)

.comment        0x00000000       0x9c
 .comment       0x00000000        0xd c:/nxp/s32ds_power_v2.1/s32ds/build_tools/powerpc-eabivle-4_9/bin/../lib/gcc/powerpc-eabivle/4.9.4/e200z7/fp/ecrti.o
                                  0xe (size before relaxing)
 .comment       0x0000000d       0x82 c:/nxp/s32ds_power_v2.1/s32ds/build_tools/powerpc-eabivle-4_9/bin/../lib/gcc/powerpc-eabivle/4.9.4/e200z7/fp/crtbegin.o
                                 0x83 (size before relaxing)
 .comment       0x0000008f       0x83 ./src/S32R274__Interrupt_Init.o
 .comment       0x0000008f       0x83 ./src/Vector.o
 .comment       0x0000008f       0x83 ./src/intc_SW_mode_isr_vectors_S32R274.o
 .comment       0x0000008f       0x83 ./src/main_Z7_1.o
 .comment       0x0000008f       0x83 c:/nxp/s32ds_power_v2.1/s32ds/build_tools/powerpc-eabivle-4_9/bin/../lib/gcc/powerpc-eabivle/4.9.4/e200z7/fp/crtend.o
 .comment       0x0000008f        0xd c:/nxp/s32ds_power_v2.1/s32ds/build_tools/powerpc-eabivle-4_9/bin/../lib/gcc/powerpc-eabivle/4.9.4/e200z7/fp/ecrtn.o
                                  0xe (size before relaxing)

.PPC.EMB.apuinfo
                0x00000000       0x18
 .PPC.EMB.apuinfo
                0x00000000       0x18 c:/nxp/s32ds_power_v2.1/s32ds/build_tools/powerpc-eabivle-4_9/bin/../lib/gcc/powerpc-eabivle/4.9.4/e200z7/fp/ecrti.o
 .PPC.EMB.apuinfo
                0x00000018       0x18 c:/nxp/s32ds_power_v2.1/s32ds/build_tools/powerpc-eabivle-4_9/bin/../lib/gcc/powerpc-eabivle/4.9.4/e200z7/fp/crtbegin.o
 .PPC.EMB.apuinfo
                0x00000030       0x18 ./Project_Settings/Startup_Code/startup.o
 .PPC.EMB.apuinfo
                0x00000048       0x18 ./src/S32R274__Interrupt_Init.o
 .PPC.EMB.apuinfo
                0x00000060       0x18 ./src/Vector.o
 .PPC.EMB.apuinfo
                0x00000078       0x18 ./src/intc_SW_mode_isr_vectors_S32R274.o
 .PPC.EMB.apuinfo
                0x00000090       0x18 ./src/intc_sw_handlers.o
 .PPC.EMB.apuinfo
                0x000000a8       0x18 ./src/main_Z7_1.o
 .PPC.EMB.apuinfo
                0x000000c0       0x18 c:/nxp/s32ds_power_v2.1/s32ds/build_tools/powerpc-eabivle-4_9/bin/../lib/gcc/powerpc-eabivle/4.9.4/e200z7/fp\libgcc.a(eabivle.o)
 .PPC.EMB.apuinfo
                0x000000d8       0x18 c:/nxp/s32ds_power_v2.1/s32ds/build_tools/powerpc-eabivle-4_9/bin/../lib/gcc/powerpc-eabivle/4.9.4/e200z7/fp/crtend.o
 .PPC.EMB.apuinfo
                0x000000f0       0x18 c:/nxp/s32ds_power_v2.1/s32ds/build_tools/powerpc-eabivle-4_9/bin/../lib/gcc/powerpc-eabivle/4.9.4/e200z7/fp/ecrtn.o

.debug_line     0x00000000      0x90f
 .debug_line    0x00000000       0xdc ./Project_Settings/Startup_Code/startup.o
 .debug_line    0x000000dc      0x2b1 ./src/S32R274__Interrupt_Init.o
 .debug_line    0x0000038d       0x70 ./src/Vector.o
 .debug_line    0x000003fd      0x254 ./src/intc_SW_mode_isr_vectors_S32R274.o
 .debug_line    0x00000651       0x5d ./src/intc_sw_handlers.o
 .debug_line    0x000006ae      0x261 ./src/main_Z7_1.o

.debug_info     0x00000000      0xa62
 .debug_info    0x00000000       0x7d ./Project_Settings/Startup_Code/startup.o
 .debug_info    0x0000007d      0x7ee ./src/S32R274__Interrupt_Init.o
 .debug_info    0x0000086b       0x21 ./src/Vector.o
 .debug_info    0x0000088c       0xc6 ./src/intc_SW_mode_isr_vectors_S32R274.o
 .debug_info    0x00000952       0x6c ./src/intc_sw_handlers.o
 .debug_info    0x000009be       0xa4 ./src/main_Z7_1.o

.debug_abbrev   0x00000000      0x293
 .debug_abbrev  0x00000000       0x14 ./Project_Settings/Startup_Code/startup.o
 .debug_abbrev  0x00000014      0x17d ./src/S32R274__Interrupt_Init.o
 .debug_abbrev  0x00000191       0x13 ./src/Vector.o
 .debug_abbrev  0x000001a4       0x7c ./src/intc_SW_mode_isr_vectors_S32R274.o
 .debug_abbrev  0x00000220       0x14 ./src/intc_sw_handlers.o
 .debug_abbrev  0x00000234       0x5f ./src/main_Z7_1.o

.debug_aranges  0x00000000       0xd0
 .debug_aranges
                0x00000000       0x20 ./Project_Settings/Startup_Code/startup.o
 .debug_aranges
                0x00000020       0x38 ./src/S32R274__Interrupt_Init.o
 .debug_aranges
                0x00000058       0x18 ./src/Vector.o
 .debug_aranges
                0x00000070       0x20 ./src/intc_SW_mode_isr_vectors_S32R274.o
 .debug_aranges
                0x00000090       0x20 ./src/intc_sw_handlers.o
 .debug_aranges
                0x000000b0       0x20 ./src/main_Z7_1.o

.debug_ranges   0x00000000       0x48
 .debug_ranges  0x00000000       0x28 ./src/S32R274__Interrupt_Init.o
 .debug_ranges  0x00000028       0x10 ./src/intc_SW_mode_isr_vectors_S32R274.o
 .debug_ranges  0x00000038       0x10 ./src/main_Z7_1.o

.debug_macro    0x00000000     0xe315
 .debug_macro   0x00000000       0x7d ./src/S32R274__Interrupt_Init.o
 .debug_macro   0x0000007d      0x60a ./src/S32R274__Interrupt_Init.o
 .debug_macro   0x00000687       0x22 ./src/S32R274__Interrupt_Init.o
 .debug_macro   0x000006a9       0x44 ./src/S32R274__Interrupt_Init.o
 .debug_macro   0x000006ed       0x1c ./src/S32R274__Interrupt_Init.o
 .debug_macro   0x00000709      0x1f7 ./src/S32R274__Interrupt_Init.o
 .debug_macro   0x00000900     0xd904 ./src/S32R274__Interrupt_Init.o
 .debug_macro   0x0000e204       0x2e ./src/S32R274__Interrupt_Init.o
 .debug_macro   0x0000e232       0x26 ./src/Vector.o
 .debug_macro   0x0000e258       0x55 ./src/intc_SW_mode_isr_vectors_S32R274.o
 .debug_macro   0x0000e2ad       0x68 ./src/main_Z7_1.o

.debug_str      0x00000000    0x393c9
 .debug_str     0x00000000    0x39304 ./src/S32R274__Interrupt_Init.o
                              0x39469 (size before relaxing)
 .debug_str     0x00039304       0x75 ./src/Vector.o
                               0x1f8d (size before relaxing)
 .debug_str     0x00039379       0x30 ./src/intc_SW_mode_isr_vectors_S32R274.o
                               0x298c (size before relaxing)
 .debug_str     0x000393a9       0x20 ./src/main_Z7_1.o
                              0x38f1f (size before relaxing)

.debug_frame    0x00000000       0xf8
 .debug_frame   0x00000000       0xa0 ./src/S32R274__Interrupt_Init.o
 .debug_frame   0x000000a0       0x2c ./src/intc_SW_mode_isr_vectors_S32R274.o
 .debug_frame   0x000000cc       0x2c ./src/main_Z7_1.o
