Archive member included to satisfy reference by file (symbol)

c:/nxp/s32ds_power_v2.1/s32ds/build_tools/powerpc-eabivle-4_9/bin/../lib/gcc/powerpc-eabivle/4.9.4/e200z4/fp\libgcc.a(eabivle.o)
                              ./src/main_Z4_0.o (__eabi)

Discarded input sections

 .text          0x00000000        0x0 c:/nxp/s32ds_power_v2.1/s32ds/build_tools/powerpc-eabivle-4_9/bin/../lib/gcc/powerpc-eabivle/4.9.4/e200z4/fp/ecrti.o
 .data          0x00000000        0x0 c:/nxp/s32ds_power_v2.1/s32ds/build_tools/powerpc-eabivle-4_9/bin/../lib/gcc/powerpc-eabivle/4.9.4/e200z4/fp/ecrti.o
 .bss           0x00000000        0x0 c:/nxp/s32ds_power_v2.1/s32ds/build_tools/powerpc-eabivle-4_9/bin/../lib/gcc/powerpc-eabivle/4.9.4/e200z4/fp/ecrti.o
 .fixup         0x00000000        0x0 c:/nxp/s32ds_power_v2.1/s32ds/build_tools/powerpc-eabivle-4_9/bin/../lib/gcc/powerpc-eabivle/4.9.4/e200z4/fp/ecrti.o
 .sbss          0x00000000        0x0 c:/nxp/s32ds_power_v2.1/s32ds/build_tools/powerpc-eabivle-4_9/bin/../lib/gcc/powerpc-eabivle/4.9.4/e200z4/fp/ecrti.o
 .sbss2         0x00000000        0x0 c:/nxp/s32ds_power_v2.1/s32ds/build_tools/powerpc-eabivle-4_9/bin/../lib/gcc/powerpc-eabivle/4.9.4/e200z4/fp/ecrti.o
 .gcc_except_table
                0x00000000        0x0 c:/nxp/s32ds_power_v2.1/s32ds/build_tools/powerpc-eabivle-4_9/bin/../lib/gcc/powerpc-eabivle/4.9.4/e200z4/fp/ecrti.o
 .data          0x00000000        0x4 c:/nxp/s32ds_power_v2.1/s32ds/build_tools/powerpc-eabivle-4_9/bin/../lib/gcc/powerpc-eabivle/4.9.4/e200z4/fp/crtbegin.o
 .text          0x00000000        0x0 ./Project_Settings/Startup_Code/startup.o
 .data          0x00000000        0x0 ./Project_Settings/Startup_Code/startup.o
 .bss           0x00000000        0x0 ./Project_Settings/Startup_Code/startup.o
 .group         0x00000000        0x8 ./src/S32R274__Interrupt_Init.o
 .group         0x00000000        0x8 ./src/S32R274__Interrupt_Init.o
 .group         0x00000000        0x8 ./src/S32R274__Interrupt_Init.o
 .group         0x00000000        0x8 ./src/S32R274__Interrupt_Init.o
 .group         0x00000000        0x8 ./src/S32R274__Interrupt_Init.o
 .group         0x00000000        0x8 ./src/S32R274__Interrupt_Init.o
 .group         0x00000000        0x8 ./src/S32R274__Interrupt_Init.o
 .text          0x00000000        0x0 ./src/S32R274__Interrupt_Init.o
 .data          0x00000000        0x0 ./src/S32R274__Interrupt_Init.o
 .bss           0x00000000        0x0 ./src/S32R274__Interrupt_Init.o
 .group         0x00000000        0x8 ./src/Vector.o
 .group         0x00000000        0x8 ./src/Vector.o
 .text          0x00000000        0x0 ./src/Vector.o
 .data          0x00000000        0x0 ./src/Vector.o
 .bss           0x00000000        0x0 ./src/Vector.o
 .debug_macro   0x00000000      0x61c ./src/Vector.o
 .debug_macro   0x00000000       0x2e ./src/Vector.o
 .group         0x00000000        0x8 ./src/flashrchw.o
 .group         0x00000000        0x8 ./src/flashrchw.o
 .group         0x00000000        0x8 ./src/flashrchw.o
 .group         0x00000000        0x8 ./src/flashrchw.o
 .group         0x00000000        0x8 ./src/flashrchw.o
 .text          0x00000000        0x0 ./src/flashrchw.o
 .data          0x00000000        0x0 ./src/flashrchw.o
 .bss           0x00000000        0x0 ./src/flashrchw.o
 .debug_macro   0x00000000      0x61c ./src/flashrchw.o
 .debug_macro   0x00000000       0x22 ./src/flashrchw.o
 .debug_macro   0x00000000       0x44 ./src/flashrchw.o
 .debug_macro   0x00000000       0x1c ./src/flashrchw.o
 .debug_macro   0x00000000      0x1f7 ./src/flashrchw.o
 .group         0x00000000        0x8 ./src/intc_SW_mode_isr_vectors_S32R274.o
 .group         0x00000000        0x8 ./src/intc_SW_mode_isr_vectors_S32R274.o
 .group         0x00000000        0x8 ./src/intc_SW_mode_isr_vectors_S32R274.o
 .group         0x00000000        0x8 ./src/intc_SW_mode_isr_vectors_S32R274.o
 .group         0x00000000        0x8 ./src/intc_SW_mode_isr_vectors_S32R274.o
 .text          0x00000000        0x0 ./src/intc_SW_mode_isr_vectors_S32R274.o
 .data          0x00000000        0x0 ./src/intc_SW_mode_isr_vectors_S32R274.o
 .bss           0x00000000        0x0 ./src/intc_SW_mode_isr_vectors_S32R274.o
 .debug_macro   0x00000000      0x61c ./src/intc_SW_mode_isr_vectors_S32R274.o
 .debug_macro   0x00000000       0x22 ./src/intc_SW_mode_isr_vectors_S32R274.o
 .debug_macro   0x00000000       0x44 ./src/intc_SW_mode_isr_vectors_S32R274.o
 .debug_macro   0x00000000       0x1c ./src/intc_SW_mode_isr_vectors_S32R274.o
 .debug_macro   0x00000000      0x1f7 ./src/intc_SW_mode_isr_vectors_S32R274.o
 .data          0x00000000        0x0 ./src/intc_sw_handlers.o
 .bss           0x00000000        0x0 ./src/intc_sw_handlers.o
 .group         0x00000000        0x8 ./src/main_Z4_0.o
 .group         0x00000000        0x8 ./src/main_Z4_0.o
 .group         0x00000000        0x8 ./src/main_Z4_0.o
 .group         0x00000000        0x8 ./src/main_Z4_0.o
 .group         0x00000000        0x8 ./src/main_Z4_0.o
 .group         0x00000000        0x8 ./src/main_Z4_0.o
 .text          0x00000000        0x0 ./src/main_Z4_0.o
 .data          0x00000000        0x0 ./src/main_Z4_0.o
 .bss           0x00000000        0x0 ./src/main_Z4_0.o
 .debug_macro   0x00000000      0x61c ./src/main_Z4_0.o
 .debug_macro   0x00000000       0x22 ./src/main_Z4_0.o
 .debug_macro   0x00000000       0x44 ./src/main_Z4_0.o
 .debug_macro   0x00000000       0x1c ./src/main_Z4_0.o
 .debug_macro   0x00000000      0x1f7 ./src/main_Z4_0.o
 .debug_macro   0x00000000     0xd904 ./src/main_Z4_0.o
 .bss           0x00000000        0x0 c:/nxp/s32ds_power_v2.1/s32ds/build_tools/powerpc-eabivle-4_9/bin/../lib/gcc/powerpc-eabivle/4.9.4/e200z4/fp\libgcc.a(eabivle.o)
 .data          0x00000000        0x0 c:/nxp/s32ds_power_v2.1/s32ds/build_tools/powerpc-eabivle-4_9/bin/../lib/gcc/powerpc-eabivle/4.9.4/e200z4/fp/crtend.o
 .bss           0x00000000        0x0 c:/nxp/s32ds_power_v2.1/s32ds/build_tools/powerpc-eabivle-4_9/bin/../lib/gcc/powerpc-eabivle/4.9.4/e200z4/fp/crtend.o
 .jcr           0x00000000        0x4 c:/nxp/s32ds_power_v2.1/s32ds/build_tools/powerpc-eabivle-4_9/bin/../lib/gcc/powerpc-eabivle/4.9.4/e200z4/fp/crtend.o
 .text          0x00000000        0x0 c:/nxp/s32ds_power_v2.1/s32ds/build_tools/powerpc-eabivle-4_9/bin/../lib/gcc/powerpc-eabivle/4.9.4/e200z4/fp/ecrtn.o
 .data          0x00000000        0x0 c:/nxp/s32ds_power_v2.1/s32ds/build_tools/powerpc-eabivle-4_9/bin/../lib/gcc/powerpc-eabivle/4.9.4/e200z4/fp/ecrtn.o
 .bss           0x00000000        0x0 c:/nxp/s32ds_power_v2.1/s32ds/build_tools/powerpc-eabivle-4_9/bin/../lib/gcc/powerpc-eabivle/4.9.4/e200z4/fp/ecrtn.o
 .fixup         0x00000000        0x0 c:/nxp/s32ds_power_v2.1/s32ds/build_tools/powerpc-eabivle-4_9/bin/../lib/gcc/powerpc-eabivle/4.9.4/e200z4/fp/ecrtn.o
 .sdata         0x00000000        0x0 c:/nxp/s32ds_power_v2.1/s32ds/build_tools/powerpc-eabivle-4_9/bin/../lib/gcc/powerpc-eabivle/4.9.4/e200z4/fp/ecrtn.o
 .sdata2        0x00000000        0x0 c:/nxp/s32ds_power_v2.1/s32ds/build_tools/powerpc-eabivle-4_9/bin/../lib/gcc/powerpc-eabivle/4.9.4/e200z4/fp/ecrtn.o
 .gcc_except_table
                0x00000000        0x0 c:/nxp/s32ds_power_v2.1/s32ds/build_tools/powerpc-eabivle-4_9/bin/../lib/gcc/powerpc-eabivle/4.9.4/e200z4/fp/ecrtn.o

Memory Configuration

Name             Origin             Length             Attributes
flash_rchw       0x00fa0000         0x00000004
cpu0_reset_vec   0x00fa0004         0x00000004
m_text           0x01000000         0x00080000
m_data           0x40000000         0x0006b000
local_dmem       0x50800000         0x00010000
*default*        0x00000000         0xffffffff

Linker script and memory map

LOAD c:/nxp/s32ds_power_v2.1/s32ds/build_tools/powerpc-eabivle-4_9/bin/../lib/gcc/powerpc-eabivle/4.9.4/e200z4/fp/ecrti.o
LOAD c:/nxp/s32ds_power_v2.1/s32ds/build_tools/powerpc-eabivle-4_9/bin/../lib/gcc/powerpc-eabivle/4.9.4/e200z4/fp/crtbegin.o
LOAD ./Project_Settings/Startup_Code/startup.o
LOAD ./src/S32R274__Interrupt_Init.o
LOAD ./src/Vector.o
LOAD ./src/flashrchw.o
LOAD ./src/intc_SW_mode_isr_vectors_S32R274.o
LOAD ./src/intc_sw_handlers.o
LOAD ./src/main_Z4_0.o
LOAD c:/nxp/s32ds_power_v2.1/s32ds/build_tools/powerpc-eabivle-4_9/bin/../lib/gcc/powerpc-eabivle/4.9.4/e200z4/fp\libgcc.a
LOAD C:/NXP/S32DS_Power_v2.1/S32DS/build_tools/powerpc-eabivle-4_9/powerpc-eabivle/newlib/lib/e200z4/fp\libc.a
LOAD c:/nxp/s32ds_power_v2.1/s32ds/build_tools/powerpc-eabivle-4_9/bin/../lib/gcc/powerpc-eabivle/4.9.4/e200z4/fp\libgcc.a
START GROUP
LOAD c:/nxp/s32ds_power_v2.1/s32ds/build_tools/powerpc-eabivle-4_9/bin/../lib/gcc/powerpc-eabivle/4.9.4/e200z4/fp\libgcc.a
LOAD C:/NXP/S32DS_Power_v2.1/S32DS/build_tools/powerpc-eabivle-4_9/powerpc-eabivle/newlib/lib/e200z4/fp\libc.a
LOAD C:/NXP/S32DS_Power_v2.1/S32DS/build_tools/powerpc-eabivle-4_9/powerpc-eabivle/newlib/lib/e200z4/fp\libnosys.a
END GROUP
LOAD c:/nxp/s32ds_power_v2.1/s32ds/build_tools/powerpc-eabivle-4_9/bin/../lib/gcc/powerpc-eabivle/4.9.4/e200z4/fp/crtend.o
LOAD c:/nxp/s32ds_power_v2.1/s32ds/build_tools/powerpc-eabivle-4_9/bin/../lib/gcc/powerpc-eabivle/4.9.4/e200z4/fp/ecrtn.o
                0x00000000                __HEAP_SIZE = 0x0
                0x00001000                __STACK_SIZE = 0x1000
                0x0006b000                SRAM_SIZE = 0x6b000
                0x40000000                SRAM_BASE_ADDR = 0x40000000
                0x00010000                LOCALDMEM_SIZE = 0x10000
                0x50800000                LOCALDMEM_BASE_ADDR = 0x50800000

.rchw           0x00fa0000        0x4
 *(.rchw)
 .rchw          0x00fa0000        0x4 ./src/flashrchw.o
                0x00fa0000                RCHW1

.cpu0_reset_vector
                0x00fa0004        0x4
 *(.cpu0_reset_vector)
 .cpu0_reset_vector
                0x00fa0004        0x4 ./src/flashrchw.o
                0x00fa0004                RCHW2

.startup        0x01000000      0x212
                0x01000000                __start = .
 *(.startup)
 .startup       0x01000000      0x212 ./Project_Settings/Startup_Code/startup.o
                0x01000000                _start

.spt
 *(.spt)

.core_exceptions_table
                0x01001000       0xf4
                0x01001000                __IVPR_VALUE = .
 *(.core_exceptions_table)
 .core_exceptions_table
                0x01001000       0xf4 ./src/Vector.o
                0x01001000                VTABLE
                0x01001000                IVOR0_Vector
                0x01001010                IVOR1_Vector
                0x01001020                IVOR2_Vector
                0x01001030                IVOR3_Vector
                0x01001040                IVOR4_Vector
                0x01001050                IVOR5_Vector
                0x01001060                IVOR6_Vector
                0x01001070                IVOR7_Vector
                0x01001080                IVOR8_Vector
                0x01001090                IVOR9_Vector
                0x010010a0                IVOR10_Vector
                0x010010b0                IVOR11_Vector
                0x010010c0                IVOR12_Vector
                0x010010d0                IVOR13_Vector
                0x010010e0                IVOR14_Vector
                0x010010f0                IVOR15_Vector

.intc_vector_table
                0x01002000      0xbcc
 *(.intc_vector_table)
 .intc_vector_table
                0x01002000      0xbcc ./src/intc_SW_mode_isr_vectors_S32R274.o
                0x01002000                IntcIsrVectorTable

.text           0x01002bd0      0x400
 *(.text.startup)
 *(.text)
 .text          0x01002bd0      0x16c c:/nxp/s32ds_power_v2.1/s32ds/build_tools/powerpc-eabivle-4_9/bin/../lib/gcc/powerpc-eabivle/4.9.4/e200z4/fp/crtbegin.o
 *fill*         0x01002d3c        0x4 
 .text          0x01002d40       0x48 ./src/intc_sw_handlers.o
                0x01002d40                IVOR4_Handler
 .text          0x01002d88       0x4a c:/nxp/s32ds_power_v2.1/s32ds/build_tools/powerpc-eabivle-4_9/bin/../lib/gcc/powerpc-eabivle/4.9.4/e200z4/fp\libgcc.a(eabivle.o)
                0x01002d88                __eabi
 *fill*         0x01002dd2        0x2 
 .text          0x01002dd4       0x48 c:/nxp/s32ds_power_v2.1/s32ds/build_tools/powerpc-eabivle-4_9/bin/../lib/gcc/powerpc-eabivle/4.9.4/e200z4/fp/crtend.o
 *(.text.*)
 .text.SetIVPR  0x01002e1c       0x1a ./src/S32R274__Interrupt_Init.o
                0x01002e1c                SetIVPR
 *fill*         0x01002e36        0x2 
 .text.InitINTC
                0x01002e38       0x54 ./src/S32R274__Interrupt_Init.o
                0x01002e38                InitINTC
 .text.enableIrq
                0x01002e8c       0x36 ./src/S32R274__Interrupt_Init.o
                0x01002e8c                enableIrq
 *fill*         0x01002ec2        0x2 
 .text.xcptn_xmpl
                0x01002ec4       0x34 ./src/S32R274__Interrupt_Init.o
                0x01002ec4                xcptn_xmpl
 .text.dummy    0x01002ef8        0xc ./src/intc_SW_mode_isr_vectors_S32R274.o
                0x01002ef8                dummy
 .text.hw_init  0x01002f04       0x68 ./src/main_Z4_0.o
                0x01002f04                hw_init
 .text.main     0x01002f6c       0x22 ./src/main_Z4_0.o
                0x01002f6c                main
 *(.init)
 *fill*         0x01002f8e        0x2 
 .init          0x01002f90        0xc c:/nxp/s32ds_power_v2.1/s32ds/build_tools/powerpc-eabivle-4_9/bin/../lib/gcc/powerpc-eabivle/4.9.4/e200z4/fp/ecrti.o
                0x01002f90                __init
 .init          0x01002f9c        0x4 c:/nxp/s32ds_power_v2.1/s32ds/build_tools/powerpc-eabivle-4_9/bin/../lib/gcc/powerpc-eabivle/4.9.4/e200z4/fp/crtbegin.o
 .init          0x01002fa0        0x4 c:/nxp/s32ds_power_v2.1/s32ds/build_tools/powerpc-eabivle-4_9/bin/../lib/gcc/powerpc-eabivle/4.9.4/e200z4/fp/crtend.o
 .init          0x01002fa4        0xa c:/nxp/s32ds_power_v2.1/s32ds/build_tools/powerpc-eabivle-4_9/bin/../lib/gcc/powerpc-eabivle/4.9.4/e200z4/fp/ecrtn.o
 *(.fini)
 *fill*         0x01002fae        0x2 
 .fini          0x01002fb0        0xc c:/nxp/s32ds_power_v2.1/s32ds/build_tools/powerpc-eabivle-4_9/bin/../lib/gcc/powerpc-eabivle/4.9.4/e200z4/fp/ecrti.o
                0x01002fb0                __fini
 .fini          0x01002fbc        0x4 c:/nxp/s32ds_power_v2.1/s32ds/build_tools/powerpc-eabivle-4_9/bin/../lib/gcc/powerpc-eabivle/4.9.4/e200z4/fp/crtbegin.o
 .fini          0x01002fc0        0xa c:/nxp/s32ds_power_v2.1/s32ds/build_tools/powerpc-eabivle-4_9/bin/../lib/gcc/powerpc-eabivle/4.9.4/e200z4/fp/ecrtn.o
                0x01002fd0                . = ALIGN (0x10)
 *fill*         0x01002fca        0x6 

.glink          0x01002fd0        0x0
 .glink         0x01002fd0        0x0 c:/nxp/s32ds_power_v2.1/s32ds/build_tools/powerpc-eabivle-4_9/bin/../lib/gcc/powerpc-eabivle/4.9.4/e200z4/fp/crtbegin.o

.ctors          0x01002fd0        0x8
                0x01002fd0                __CTOR_LIST__ = .
 *crtbegin.o(.ctors)
 .ctors         0x01002fd0        0x4 c:/nxp/s32ds_power_v2.1/s32ds/build_tools/powerpc-eabivle-4_9/bin/../lib/gcc/powerpc-eabivle/4.9.4/e200z4/fp/crtbegin.o
 *crtbegin?.o(.ctors)
 *(EXCLUDE_FILE(*crtend.o *crtend?.o) .ctors)
 .ctors         0x01002fd4        0x0 c:/nxp/s32ds_power_v2.1/s32ds/build_tools/powerpc-eabivle-4_9/bin/../lib/gcc/powerpc-eabivle/4.9.4/e200z4/fp/ecrti.o
 .ctors         0x01002fd4        0x0 c:/nxp/s32ds_power_v2.1/s32ds/build_tools/powerpc-eabivle-4_9/bin/../lib/gcc/powerpc-eabivle/4.9.4/e200z4/fp/ecrtn.o
 *(SORT(.ctors.*))
 *(.ctors)
 .ctors         0x01002fd4        0x4 c:/nxp/s32ds_power_v2.1/s32ds/build_tools/powerpc-eabivle-4_9/bin/../lib/gcc/powerpc-eabivle/4.9.4/e200z4/fp/crtend.o
                0x01002fd8                __CTOR_END__ = .

.dtors          0x01002fd8        0x8
                0x01002fd8                __DTOR_LIST__ = .
 *crtbegin.o(.dtors)
 .dtors         0x01002fd8        0x4 c:/nxp/s32ds_power_v2.1/s32ds/build_tools/powerpc-eabivle-4_9/bin/../lib/gcc/powerpc-eabivle/4.9.4/e200z4/fp/crtbegin.o
 *crtbegin?.o(.dtors)
 *(EXCLUDE_FILE(*crtend.o *crtend?.o) .dtors)
 .dtors         0x01002fdc        0x0 c:/nxp/s32ds_power_v2.1/s32ds/build_tools/powerpc-eabivle-4_9/bin/../lib/gcc/powerpc-eabivle/4.9.4/e200z4/fp/ecrti.o
 .dtors         0x01002fdc        0x0 c:/nxp/s32ds_power_v2.1/s32ds/build_tools/powerpc-eabivle-4_9/bin/../lib/gcc/powerpc-eabivle/4.9.4/e200z4/fp/ecrtn.o
 *(SORT(.dtors.*))
 *(.dtors)
 .dtors         0x01002fdc        0x4 c:/nxp/s32ds_power_v2.1/s32ds/build_tools/powerpc-eabivle-4_9/bin/../lib/gcc/powerpc-eabivle/4.9.4/e200z4/fp/crtend.o
                0x01002fe0                __DTOR_END__ = .

.preinit_array  0x01002fe0        0x0
                [!provide]                PROVIDE (__preinit_array_start, .)
 *(.preinit_array*)
                [!provide]                PROVIDE (__preinit_array_end, .)

.init_array     0x01002fe0        0x0
                [!provide]                PROVIDE (__init_array_start, .)
 *(SORT(.init_array.*))
 *(.init_array*)
                [!provide]                PROVIDE (__init_array_end, .)

.fini_array     0x01002fe0        0x0
                [!provide]                PROVIDE (__fini_array_start, .)
 *(SORT(.fini_array.*))
 *(.fini_array*)
                [!provide]                PROVIDE (__fini_array_end, .)

.rodata
 *(.rodata)
 *(.rodata.*)

.eh_frame_hdr
 *(.eh_frame_hdr)

.eh_frame       0x01002fe0        0x8
 *(.eh_frame)
 .eh_frame      0x01002fe0        0x0 c:/nxp/s32ds_power_v2.1/s32ds/build_tools/powerpc-eabivle-4_9/bin/../lib/gcc/powerpc-eabivle/4.9.4/e200z4/fp/ecrti.o
                0x01002fe0                __EH_FRAME_BEGIN__
 .eh_frame      0x01002fe0        0x0 c:/nxp/s32ds_power_v2.1/s32ds/build_tools/powerpc-eabivle-4_9/bin/../lib/gcc/powerpc-eabivle/4.9.4/e200z4/fp/crtbegin.o
 .eh_frame      0x01002fe0        0x0 c:/nxp/s32ds_power_v2.1/s32ds/build_tools/powerpc-eabivle-4_9/bin/../lib/gcc/powerpc-eabivle/4.9.4/e200z4/fp/crtbegin.o
 .eh_frame      0x01002fe0        0x4 c:/nxp/s32ds_power_v2.1/s32ds/build_tools/powerpc-eabivle-4_9/bin/../lib/gcc/powerpc-eabivle/4.9.4/e200z4/fp/crtend.o
 .eh_frame      0x01002fe4        0x4 c:/nxp/s32ds_power_v2.1/s32ds/build_tools/powerpc-eabivle-4_9/bin/../lib/gcc/powerpc-eabivle/4.9.4/e200z4/fp/ecrtn.o
                0x01002fe4                __EH_FRAME_END__

.data           0x40000000        0x4 load address 0x01002fe8
 *(.data)
 .data          0x40000000        0x4 c:/nxp/s32ds_power_v2.1/s32ds/build_tools/powerpc-eabivle-4_9/bin/../lib/gcc/powerpc-eabivle/4.9.4/e200z4/fp\libgcc.a(eabivle.o)
 *(.data.*)

.jcr            0x40000004        0x0 load address 0x01002fec
 .jcr           0x40000004        0x0 c:/nxp/s32ds_power_v2.1/s32ds/build_tools/powerpc-eabivle-4_9/bin/../lib/gcc/powerpc-eabivle/4.9.4/e200z4/fp/crtbegin.o

.tm_clone_table
                0x40000004        0x0 load address 0x01002fec
 .tm_clone_table
                0x40000004        0x0 c:/nxp/s32ds_power_v2.1/s32ds/build_tools/powerpc-eabivle-4_9/bin/../lib/gcc/powerpc-eabivle/4.9.4/e200z4/fp/crtbegin.o
 .tm_clone_table
                0x40000004        0x0 c:/nxp/s32ds_power_v2.1/s32ds/build_tools/powerpc-eabivle-4_9/bin/../lib/gcc/powerpc-eabivle/4.9.4/e200z4/fp/crtend.o

.got2           0x40000004       0x1c load address 0x01002fec
 .got2          0x40000004       0x1c c:/nxp/s32ds_power_v2.1/s32ds/build_tools/powerpc-eabivle-4_9/bin/../lib/gcc/powerpc-eabivle/4.9.4/e200z4/fp\libgcc.a(eabivle.o)

.sdata2         0x40000020        0x0 load address 0x01003008
 *(.sdata2)
 .sdata2        0x40000020        0x0 c:/nxp/s32ds_power_v2.1/s32ds/build_tools/powerpc-eabivle-4_9/bin/../lib/gcc/powerpc-eabivle/4.9.4/e200z4/fp/ecrti.o
 .sdata2        0x40000020        0x0 c:/nxp/s32ds_power_v2.1/s32ds/build_tools/powerpc-eabivle-4_9/bin/../lib/gcc/powerpc-eabivle/4.9.4/e200z4/fp/crtbegin.o
 *(.sdata2.*)

.sbss2          0x40000020        0x0 load address 0x01003008
 *(.sbss2)
 .sbss2         0x40000020        0x0 c:/nxp/s32ds_power_v2.1/s32ds/build_tools/powerpc-eabivle-4_9/bin/../lib/gcc/powerpc-eabivle/4.9.4/e200z4/fp/ecrtn.o
 *(.sbss2.*)

.rela.dyn       0x40000020        0x0 load address 0x01003008
 .rela.iplt     0x40000020        0x0 c:/nxp/s32ds_power_v2.1/s32ds/build_tools/powerpc-eabivle-4_9/bin/../lib/gcc/powerpc-eabivle/4.9.4/e200z4/fp/crtbegin.o
 .rela.text     0x40000020        0x0 c:/nxp/s32ds_power_v2.1/s32ds/build_tools/powerpc-eabivle-4_9/bin/../lib/gcc/powerpc-eabivle/4.9.4/e200z4/fp/crtbegin.o
 .rela.text.InitINTC
                0x40000020        0x0 c:/nxp/s32ds_power_v2.1/s32ds/build_tools/powerpc-eabivle-4_9/bin/../lib/gcc/powerpc-eabivle/4.9.4/e200z4/fp/crtbegin.o
 .rela.text.xcptn_xmpl
                0x40000020        0x0 c:/nxp/s32ds_power_v2.1/s32ds/build_tools/powerpc-eabivle-4_9/bin/../lib/gcc/powerpc-eabivle/4.9.4/e200z4/fp/crtbegin.o
 .rela.got2     0x40000020        0x0 c:/nxp/s32ds_power_v2.1/s32ds/build_tools/powerpc-eabivle-4_9/bin/../lib/gcc/powerpc-eabivle/4.9.4/e200z4/fp/crtbegin.o

.sdata          0x40000020        0x0 load address 0x01003008
 *(.sdata)
 .sdata         0x40000020        0x0 c:/nxp/s32ds_power_v2.1/s32ds/build_tools/powerpc-eabivle-4_9/bin/../lib/gcc/powerpc-eabivle/4.9.4/e200z4/fp/ecrti.o
 .sdata         0x40000020        0x0 c:/nxp/s32ds_power_v2.1/s32ds/build_tools/powerpc-eabivle-4_9/bin/../lib/gcc/powerpc-eabivle/4.9.4/e200z4/fp/crtbegin.o
 *(.sdata.*)

.bss            0x40000020       0x20 load address 0x01003008
                0x40000020                __BSS_START = .
 *(.sbss)
 .sbss          0x40000020        0x0 c:/nxp/s32ds_power_v2.1/s32ds/build_tools/powerpc-eabivle-4_9/bin/../lib/gcc/powerpc-eabivle/4.9.4/e200z4/fp/ecrtn.o
                0x40000020                __SBSS_END__
 *(.sbss.*)
 *(.bss)
 .bss           0x40000020       0x20 c:/nxp/s32ds_power_v2.1/s32ds/build_tools/powerpc-eabivle-4_9/bin/../lib/gcc/powerpc-eabivle/4.9.4/e200z4/fp/crtbegin.o
 *(.bss.*)
 *(COMMON)
                0x40000040                __BSS_END = .

.iplt           0x40000040        0x0 load address 0x01003008
 .iplt          0x40000040        0x0 c:/nxp/s32ds_power_v2.1/s32ds/build_tools/powerpc-eabivle-4_9/bin/../lib/gcc/powerpc-eabivle/4.9.4/e200z4/fp/crtbegin.o

.stack          0x50800000     0x1004
                0x50800000                __HEAP = .
                [!provide]                PROVIDE (_end, .)
                [!provide]                PROVIDE (end, .)
                0x50800000                . = (. + __HEAP_SIZE)
                0x50800000                __HEAP_END = .
                0x50800000                _stack_end = .
                0x50801000                . = (. + __STACK_SIZE)
 *fill*         0x50800000     0x1000 
                0x50801000                _stack_addr = .
                0x50801000                __SP_INIT = .
                0x50801004                . = (. + 0x4)
 *fill*         0x50801000        0x4 
                0x40000000                __DATA_SRAM_ADDR = ADDR (.data)
                0x40000020                __SDATA_SRAM_ADDR = ADDR (.sdata)
                0x00000004                __DATA_SIZE = SIZEOF (.data)
                0x00000000                __SDATA_SIZE = SIZEOF (.sdata)
                0x01002fe8                __DATA_ROM_ADDR = LOADADDR (.data)
                0x01003008                __SDATA_ROM_ADDR = LOADADDR (.sdata)
                0x0006b000                __SRAM_SIZE = SRAM_SIZE
                0x40000000                __SRAM_BASE_ADDR = SRAM_BASE_ADDR
                0x00010000                __LOCAL_DMEM_SIZE = LOCALDMEM_SIZE
                0x50800000                __LOCAL_DMEM_BASE_ADDR = LOCALDMEM_BASE_ADDR
                0x00000020                __BSS_SIZE = (__BSS_END - __BSS_START)
OUTPUT(adas_learn_Z4_0.elf elf32-powerpc)

.comment        0x00000000       0x9c
 .comment       0x00000000        0xd c:/nxp/s32ds_power_v2.1/s32ds/build_tools/powerpc-eabivle-4_9/bin/../lib/gcc/powerpc-eabivle/4.9.4/e200z4/fp/ecrti.o
                                  0xe (size before relaxing)
 .comment       0x0000000d       0x82 c:/nxp/s32ds_power_v2.1/s32ds/build_tools/powerpc-eabivle-4_9/bin/../lib/gcc/powerpc-eabivle/4.9.4/e200z4/fp/crtbegin.o
                                 0x83 (size before relaxing)
 .comment       0x0000008f       0x83 ./src/S32R274__Interrupt_Init.o
 .comment       0x0000008f       0x83 ./src/Vector.o
 .comment       0x0000008f       0x83 ./src/flashrchw.o
 .comment       0x0000008f       0x83 ./src/intc_SW_mode_isr_vectors_S32R274.o
 .comment       0x0000008f       0x83 ./src/main_Z4_0.o
 .comment       0x0000008f       0x83 c:/nxp/s32ds_power_v2.1/s32ds/build_tools/powerpc-eabivle-4_9/bin/../lib/gcc/powerpc-eabivle/4.9.4/e200z4/fp/crtend.o
 .comment       0x0000008f        0xd c:/nxp/s32ds_power_v2.1/s32ds/build_tools/powerpc-eabivle-4_9/bin/../lib/gcc/powerpc-eabivle/4.9.4/e200z4/fp/ecrtn.o
                                  0xe (size before relaxing)

.PPC.EMB.apuinfo
                0x00000000       0x18
 .PPC.EMB.apuinfo
                0x00000000       0x18 c:/nxp/s32ds_power_v2.1/s32ds/build_tools/powerpc-eabivle-4_9/bin/../lib/gcc/powerpc-eabivle/4.9.4/e200z4/fp/ecrti.o
 .PPC.EMB.apuinfo
                0x00000018       0x18 c:/nxp/s32ds_power_v2.1/s32ds/build_tools/powerpc-eabivle-4_9/bin/../lib/gcc/powerpc-eabivle/4.9.4/e200z4/fp/crtbegin.o
 .PPC.EMB.apuinfo
                0x00000030       0x18 ./Project_Settings/Startup_Code/startup.o
 .PPC.EMB.apuinfo
                0x00000048       0x18 ./src/S32R274__Interrupt_Init.o
 .PPC.EMB.apuinfo
                0x00000060       0x18 ./src/Vector.o
 .PPC.EMB.apuinfo
                0x00000078       0x18 ./src/intc_SW_mode_isr_vectors_S32R274.o
 .PPC.EMB.apuinfo
                0x00000090       0x18 ./src/intc_sw_handlers.o
 .PPC.EMB.apuinfo
                0x000000a8       0x18 ./src/main_Z4_0.o
 .PPC.EMB.apuinfo
                0x000000c0       0x18 c:/nxp/s32ds_power_v2.1/s32ds/build_tools/powerpc-eabivle-4_9/bin/../lib/gcc/powerpc-eabivle/4.9.4/e200z4/fp\libgcc.a(eabivle.o)
 .PPC.EMB.apuinfo
                0x000000d8       0x18 c:/nxp/s32ds_power_v2.1/s32ds/build_tools/powerpc-eabivle-4_9/bin/../lib/gcc/powerpc-eabivle/4.9.4/e200z4/fp/crtend.o
 .PPC.EMB.apuinfo
                0x000000f0       0x18 c:/nxp/s32ds_power_v2.1/s32ds/build_tools/powerpc-eabivle-4_9/bin/../lib/gcc/powerpc-eabivle/4.9.4/e200z4/fp/ecrtn.o

.debug_line     0x00000000      0xb53
 .debug_line    0x00000000       0xe1 ./Project_Settings/Startup_Code/startup.o
 .debug_line    0x000000e1      0x2b1 ./src/S32R274__Interrupt_Init.o
 .debug_line    0x00000392       0x70 ./src/Vector.o
 .debug_line    0x00000402      0x228 ./src/flashrchw.o
 .debug_line    0x0000062a      0x254 ./src/intc_SW_mode_isr_vectors_S32R274.o
 .debug_line    0x0000087e       0x5d ./src/intc_sw_handlers.o
 .debug_line    0x000008db      0x278 ./src/main_Z4_0.o

.debug_info     0x00000000     0x29e8
 .debug_info    0x00000000       0x7d ./Project_Settings/Startup_Code/startup.o
 .debug_info    0x0000007d      0x7ee ./src/S32R274__Interrupt_Init.o
 .debug_info    0x0000086b       0x21 ./src/Vector.o
 .debug_info    0x0000088c       0xa5 ./src/flashrchw.o
 .debug_info    0x00000931       0xc6 ./src/intc_SW_mode_isr_vectors_S32R274.o
 .debug_info    0x000009f7       0x6c ./src/intc_sw_handlers.o
 .debug_info    0x00000a63     0x1f85 ./src/main_Z4_0.o

.debug_abbrev   0x00000000      0x3c3
 .debug_abbrev  0x00000000       0x14 ./Project_Settings/Startup_Code/startup.o
 .debug_abbrev  0x00000014      0x17d ./src/S32R274__Interrupt_Init.o
 .debug_abbrev  0x00000191       0x13 ./src/Vector.o
 .debug_abbrev  0x000001a4       0x4e ./src/flashrchw.o
 .debug_abbrev  0x000001f2       0x7c ./src/intc_SW_mode_isr_vectors_S32R274.o
 .debug_abbrev  0x0000026e       0x14 ./src/intc_sw_handlers.o
 .debug_abbrev  0x00000282      0x141 ./src/main_Z4_0.o

.debug_aranges  0x00000000       0xf0
 .debug_aranges
                0x00000000       0x20 ./Project_Settings/Startup_Code/startup.o
 .debug_aranges
                0x00000020       0x38 ./src/S32R274__Interrupt_Init.o
 .debug_aranges
                0x00000058       0x18 ./src/Vector.o
 .debug_aranges
                0x00000070       0x18 ./src/flashrchw.o
 .debug_aranges
                0x00000088       0x20 ./src/intc_SW_mode_isr_vectors_S32R274.o
 .debug_aranges
                0x000000a8       0x20 ./src/intc_sw_handlers.o
 .debug_aranges
                0x000000c8       0x28 ./src/main_Z4_0.o

.debug_ranges   0x00000000       0x50
 .debug_ranges  0x00000000       0x28 ./src/S32R274__Interrupt_Init.o
 .debug_ranges  0x00000028       0x10 ./src/intc_SW_mode_isr_vectors_S32R274.o
 .debug_ranges  0x00000038       0x18 ./src/main_Z4_0.o

.debug_macro    0x00000000     0xe3a0
 .debug_macro   0x00000000       0x7d ./src/S32R274__Interrupt_Init.o
 .debug_macro   0x0000007d      0x61c ./src/S32R274__Interrupt_Init.o
 .debug_macro   0x00000699       0x22 ./src/S32R274__Interrupt_Init.o
 .debug_macro   0x000006bb       0x44 ./src/S32R274__Interrupt_Init.o
 .debug_macro   0x000006ff       0x1c ./src/S32R274__Interrupt_Init.o
 .debug_macro   0x0000071b      0x1f7 ./src/S32R274__Interrupt_Init.o
 .debug_macro   0x00000912     0xd904 ./src/S32R274__Interrupt_Init.o
 .debug_macro   0x0000e216       0x2e ./src/S32R274__Interrupt_Init.o
 .debug_macro   0x0000e244       0x26 ./src/Vector.o
 .debug_macro   0x0000e26a       0x6d ./src/flashrchw.o
 .debug_macro   0x0000e2d7       0x55 ./src/intc_SW_mode_isr_vectors_S32R274.o
 .debug_macro   0x0000e32c       0x74 ./src/main_Z4_0.o

.debug_str      0x00000000    0x39e8e
 .debug_str     0x00000000    0x39335 ./src/S32R274__Interrupt_Init.o
                              0x3949a (size before relaxing)
 .debug_str     0x00039335       0x75 ./src/Vector.o
                               0x1fbe (size before relaxing)
 .debug_str     0x000393aa       0x81 ./src/flashrchw.o
                               0x29f2 (size before relaxing)
 .debug_str     0x0003942b       0x30 ./src/intc_SW_mode_isr_vectors_S32R274.o
                               0x29bd (size before relaxing)
 .debug_str     0x0003945b      0xa33 ./src/main_Z4_0.o
                              0x39a2b (size before relaxing)

.debug_frame    0x00000000      0x11c
 .debug_frame   0x00000000       0xa0 ./src/S32R274__Interrupt_Init.o
 .debug_frame   0x000000a0       0x2c ./src/intc_SW_mode_isr_vectors_S32R274.o
 .debug_frame   0x000000cc       0x50 ./src/main_Z4_0.o
